
 RUN  v4.1.10 /home/hyh001/projects/coding-platform/coding-platform

 ❯ tests/app/R3b-host-materials.test.ts (1 test | 1 failed) 10ms
   × uses trusted Host material reads for ordinary history while preserving the canonical grant and cross-workspace gate 9ms

⎯⎯⎯⎯⎯⎯⎯ Failed Tests 1 ⎯⎯⎯⎯⎯⎯⎯

 FAIL  tests/app/R3b-host-materials.test.ts > uses trusted Host material reads for ordinary history while preserving the canonical grant and cross-workspace gate
Error: ordinary Host path used legacy vault.open
 ❯ Object.<anonymous> tests/app/R3b-host-materials.test.ts:78:45
     76|       applicability: 'historical_explanation' as const },
     77|   }));
     78|   const oldOpen = vi.fn(async () => { throw Error('ordinary Host path …
       |                                             ^
     79|   const context = new HistoryMaterialsContext({ ledger: h.ledger, vaul…
     80|     materials: { openArtifact }, readHostContext, grantAuthority });
 ❯ HistoryMaterialsContext.available src/data/context-compiler/history-materials-context.ts:32:44
 ❯ HistoryMaterials.view src/interaction/human-collaboration/history-materials.ts:31:25
 ❯ tests/app/R3b-host-materials.test.ts:83:12

⎯⎯⎯⎯⎯⎯⎯⎯⎯⎯⎯⎯⎯⎯⎯⎯⎯⎯⎯⎯⎯⎯⎯⎯[1/1]⎯


 Test Files  1 failed (1)
      Tests  1 failed (1)
   Start at  08:16:32
   Duration  1.14s (transform 875ms, setup 0ms, import 1.05s, tests 10ms, environment 0ms)

