
 RUN  v4.1.10 /home/hyh001/projects/coding-platform/coding-platform


 Test Files  1 passed (1)
      Tests  10 passed (10)
   Start at  08:16:05
   Duration  215ms (transform 61ms, setup 0ms, import 78ms, tests 60ms, environment 0ms)


 RUN  v4.1.10 /home/hyh001/projects/coding-platform/coding-platform


 Test Files  1 passed (1)
      Tests  4 passed (4)
   Start at  08:16:05
   Duration  165ms (transform 53ms, setup 0ms, import 68ms, tests 22ms, environment 0ms)


 RUN  v4.1.10 /home/hyh001/projects/coding-platform/coding-platform


 Test Files  1 passed (1)
      Tests  6 passed (6)
   Start at  08:16:06
   Duration  131ms (transform 40ms, setup 0ms, import 53ms, tests 4ms, environment 0ms)


 RUN  v4.1.10 /home/hyh001/projects/coding-platform/coding-platform


 Test Files  1 passed (1)
      Tests  2 passed (2)
   Start at  08:16:06
   Duration  130ms (transform 39ms, setup 0ms, import 52ms, tests 3ms, environment 0ms)

