
 RUN  v4.1.10 /home/hyh001/projects/coding-platform/coding-platform-next

stdout | docs/refactor/reviews/evidence/orchestration-2026-09-28/live/live-harness.ts > common orchestration: repeated yield, derived inquiry, original Session continuation and real engineering result
AG2B isolated workbench: http://127.0.0.1:46075/workbench/ project: /tmp/ag2b-live-XDX5gv/retry-project

 ❯ docs/refactor/reviews/evidence/orchestration-2026-09-28/live/live-harness.ts (1 test | 1 failed) 81253ms
   × common orchestration: repeated yield, derived inquiry, original Session continuation and real engineering result 81253ms

⎯⎯⎯⎯⎯⎯⎯ Failed Tests 1 ⎯⎯⎯⎯⎯⎯⎯

 FAIL  docs/refactor/reviews/evidence/orchestration-2026-09-28/live/live-harness.ts > common orchestration: repeated yield, derived inquiry, original Session continuation and real engineering result
AssertionError: expected [ { …(2) }, { …(2) }, { …(2) }, …(12) ] to deeply equal []

- Expected
+ Received

- []
+ [
+   {
+     "callId": "call_00_XBfM9eDbjnTKSG4U4ikG3007",
+     "status": "error",
+   },
+   {
+     "callId": "call_00_XBfM9eDbjnTKSG4U4ikG3007",
+     "status": "error",
+   },
+   {
+     "callId": "call_00_XBfM9eDbjnTKSG4U4ikG3007",
+     "status": "error",
+   },
+   {
+     "callId": "call_00_XBfM9eDbjnTKSG4U4ikG3007",
+     "status": "error",
+   },
+   {
+     "callId": "call_00_XBfM9eDbjnTKSG4U4ikG3007",
+     "status": "error",
+   },
+   {
+     "callId": "call_01_tMDW1HLjXpYmKoYEUQFZ5415",
+     "status": "error",
+   },
+   {
+     "callId": "call_00_XBfM9eDbjnTKSG4U4ikG3007",
+     "status": "error",
+   },
+   {
+     "callId": "call_00_XBfM9eDbjnTKSG4U4ikG3007",
+     "status": "error",
+   },
+   {
+     "callId": "call_00_Q0JvAgKaT8MYaEWEFjr47273",
+     "status": "error",
+   },
+   {
+     "callId": "call_00_XBfM9eDbjnTKSG4U4ikG3007",
+     "status": "error",
+   },
+   {
+     "callId": "call_00_Q0JvAgKaT8MYaEWEFjr47273",
+     "status": "error",
+   },
+   {
+     "callId": "call_00_XBfM9eDbjnTKSG4U4ikG3007",
+     "status": "error",
+   },
+   {
+     "callId": "call_00_Q0JvAgKaT8MYaEWEFjr47273",
+     "status": "error",
+   },
+   {
+     "callId": "call_00_XBfM9eDbjnTKSG4U4ikG3007",
+     "status": "error",
+   },
+   {
+     "callId": "call_00_Q0JvAgKaT8MYaEWEFjr47273",
+     "status": "error",
+   },
+ ]

 ❯ docs/refactor/reviews/evidence/orchestration-2026-09-28/live/live-harness.ts:354:24


⎯⎯⎯⎯⎯⎯⎯⎯⎯⎯⎯⎯⎯⎯⎯⎯⎯⎯⎯⎯⎯⎯⎯⎯[1/1]⎯


 Test Files  1 failed (1)
      Tests  1 failed (1)
   Start at  19:03:01
   Duration  82.56s (transform 843ms, setup 0ms, import 1.23s, tests 81.25s, environment 0ms)

