
[1m[30m[46m RUN [49m[39m[22m [36mv4.1.10 [39m[90m/mnt/d/1.project/Software/agent_platform[39m

 [32m✓[39m tests/control/reviewer-dispatch-isolation.test.ts [2m([22m[2m2 tests[22m[2m)[22m[32m 67[2mms[22m[39m
 [32m✓[39m tests/coordination/route-continuity.test.ts [2m([22m[2m13 tests[22m[2m)[22m[32m 290[2mms[22m[39m
 [32m✓[39m tests/control/runtime-dispatch.test.ts [2m([22m[2m7 tests[22m[2m)[22m[32m 9[2mms[22m[39m
 [32m✓[39m tests/coordination/model-request-evidence-bypass.test.ts [2m([22m[2m7 tests[22m[2m)[22m[33m 15951[2mms[22m[39m
   [33m[2m✓[22m[39m each actual provider request has already consumed its own exact permit (clock=2026-09-05T12:00:00.000Z) [33m 2191[2mms[22m[39m
   [33m[2m✓[22m[39m each actual provider request has already consumed its own exact permit (clock=2030-01-01T00:00:00.000Z) [33m 2335[2mms[22m[39m
   [33m[2m✓[22m[39m refuses refuse before any provider side effect and records a known failure [33m 2164[2mms[22m[39m
   [33m[2m✓[22m[39m refuses tamper_context before any provider side effect and records a known failure [33m 2127[2mms[22m[39m
   [33m[2m✓[22m[39m refuses tamper_request before any provider side effect and records a known failure [33m 2199[2mms[22m[39m
   [33m[2m✓[22m[39m canonical cancellation between requests prevents the second provider request [33m 2478[2mms[22m[39m
   [33m[2m✓[22m[39m direct ledger writes cannot forge a second consumed permit or a mismatched input digest [33m 2455[2mms[22m[39m
 [32m✓[39m tests/coordination/delivery-into-input.test.ts [2m([22m[2m6 tests[22m[2m)[22m[33m 17728[2mms[22m[39m
     [33m[2m✓[22m[39m Delivery 正文、精确版本与选入理由都进入捕获的 ModelRequest 与 manifest.selected [33m 3369[2mms[22m[39m
     [33m[2m✓[22m[39m 调用证据（D06）：model_request_evidence 落账，requestDigest = 捕获请求重算的 sha256，contextInputDigest = manifest.inputDigest，同一许可的第二次尝试被拒 [33m 3256[2mms[22m[39m
     [33m[2m✓[22m[39m 撤权之后：该 Delivery 不允许进入新的输入（材料组装在模型调用之前失败） [33m 2644[2mms[22m[39m
     [33m[2m✓[22m[39m 来源在本次运行期间被更新：basis 不一致 → 精确授权失效 → 拒绝进入新输入 [33m 2666[2mms[22m[39m
   [33m[2m✓[22m[39m grant revocation racing the attempted commit prevents the actual provider even after authorization [33m 3349[2mms[22m[39m
   [33m[2m✓[22m[39m source permission revoked after the first real request prevents a second request in the same Run [33m 2443[2mms[22m[39m

[2m Test Files [22m [1m[32m5 passed[39m[22m[90m (5)[39m
[2m      Tests [22m [1m[32m35 passed[39m[22m[90m (35)[39m
[2m   Start at [22m 15:00:13
[2m   Duration [22m 37.04s[2m (transform 44.47s, setup 0ms, import 52.41s, tests 34.05s, environment 0ms)[22m

