
[1m[30m[46m RUN [49m[39m[22m [36mv4.1.10 [39m[90m/mnt/d/1.project/Software/agent_platform[39m

 [32m✓[39m tests/coordination/route-continuity.test.ts [2m([22m[2m14 tests[22m[2m)[22m[33m 494[2mms[22m[39m
 [32m✓[39m tests/coordination/route-drive.test.ts [2m([22m[2m16 tests[22m[2m)[22m[33m 2025[2mms[22m[39m
     [33m[2m✓[22m[39m SQLite close + reopen 后仍能领取既有 wait_admission intent 并完成唯一后继 [33m 1602[2mms[22m[39m
 [32m✓[39m tests/coordination/host-tool-chain.test.ts [2m([22m[2m1 test[22m[2m)[22m[33m 4855[2mms[22m[39m
     [33m[2m✓[22m[39m 模型经真实工具发起请求与报告；重启后唯一后继被受理、准备并带着精确报告版本跑起来 [33m 4854[2mms[22m[39m
 [32m✓[39m tests/coordination/model-request-evidence-bypass.test.ts [2m([22m[2m7 tests[22m[2m)[22m[33m 19355[2mms[22m[39m
   [33m[2m✓[22m[39m each actual provider request has already consumed its own exact permit (clock=2026-09-05T12:00:00.000Z) [33m 3024[2mms[22m[39m
   [33m[2m✓[22m[39m each actual provider request has already consumed its own exact permit (clock=2030-01-01T00:00:00.000Z) [33m 2905[2mms[22m[39m
   [33m[2m✓[22m[39m refuses refuse before any provider side effect and records a known failure [33m 2324[2mms[22m[39m
   [33m[2m✓[22m[39m refuses tamper_context before any provider side effect and records a known failure [33m 2383[2mms[22m[39m
   [33m[2m✓[22m[39m refuses tamper_request before any provider side effect and records a known failure [33m 3346[2mms[22m[39m
   [33m[2m✓[22m[39m canonical cancellation between requests prevents the second provider request [33m 2784[2mms[22m[39m
   [33m[2m✓[22m[39m direct ledger writes cannot forge a second consumed permit or a mismatched input digest [33m 2588[2mms[22m[39m
 [32m✓[39m tests/coordination/delivery-into-input.test.ts [2m([22m[2m6 tests[22m[2m)[22m[33m 22266[2mms[22m[39m
     [33m[2m✓[22m[39m Delivery 正文、精确版本与选入理由都进入捕获的 ModelRequest 与 manifest.selected [33m 4022[2mms[22m[39m
     [33m[2m✓[22m[39m 调用证据（D06）：model_request_evidence 落账，requestDigest = 捕获请求重算的 sha256，contextInputDigest = manifest.inputDigest，同一许可的第二次尝试被拒 [33m 3833[2mms[22m[39m
     [33m[2m✓[22m[39m 撤权之后：该 Delivery 不允许进入新的输入（材料组装在模型调用之前失败） [33m 2900[2mms[22m[39m
     [33m[2m✓[22m[39m 来源在本次运行期间被更新：basis 不一致 → 精确授权失效 → 拒绝进入新输入 [33m 4044[2mms[22m[39m
   [33m[2m✓[22m[39m grant revocation racing the attempted commit prevents the actual provider even after authorization [33m 3820[2mms[22m[39m
   [33m[2m✓[22m[39m source permission revoked after the first real request prevents a second request in the same Run [33m 3646[2mms[22m[39m
 [32m✓[39m tests/coordination/control.sqlite.test.ts [2m([22m[2m4 tests[22m[2m)[22m[33m 1723[2mms[22m[39m
 [32m✓[39m tests/coordination/coordination-capability.test.ts [2m([22m[2m7 tests[22m[2m)[22m[33m 13988[2mms[22m[39m
     [33m[2m✓[22m[39m 未授予的 Run：判定给出可读原因、不提供协调工具、调用被拒且平台状态零改动 [33m 2727[2mms[22m[39m
     [33m[2m✓[22m[39m 授予的 Run：能力依据来自账本事实、工具可用、调用被受理，并随运行记录持久化 [33m 2840[2mms[22m[39m
     [33m[2m✓[22m[39m 同一个 Run 在两个 Work 上都满足授予条件时：拒绝授予（可读原因），不替它挑一个身份 [33m 1650[2mms[22m[39m
     [33m[2m✓[22m[39m 不存在第二条拿到协调工具的路径：唯一注入点是运行入口，且它只在 granted 时发生 [33m 2653[2mms[22m[39m
     [33m[2m✓[22m[39m 换手之后：旧 Run 不再被授予，新参与段的 Run 被授予（显式规则可直接核对） [33m 2856[2mms[22m[39m
     [33m[2m✓[22m[39m 每个写操作在动 Vault/Control 之前校验能力：授予失效后拒绝，且零平台状态变更 [33m 1009[2mms[22m[39m
 [32m✓[39m tests/coordination/participation-uniqueness.test.ts [2m([22m[2m1 test[22m[2m)[22m[33m 379[2mms[22m[39m
     [33m[2m✓[22m[39m 两条独立 SQLite 连接：第二段 active 参与被账本拒绝（零写入），旧段结束后换手成立 [33m 378[2mms[22m[39m
 [32m✓[39m tests/coordination/handoff-successor.test.ts [2m([22m[2m6 tests[22m[2m)[22m[32m 246[2mms[22m[39m
 [32m✓[39m tests/coordination/control.test.ts [2m([22m[2m28 tests[22m[2m)[22m[32m 97[2mms[22m[39m
 [32m✓[39m tests/coordination/runtime-concurrency.test.ts [2m([22m[2m2 tests[22m[2m)[22m[33m 4217[2mms[22m[39m
   [33m[2m✓[22m[39m ordinary drive overlaps two actual read-only Runtime/provider calls [33m 2043[2mms[22m[39m
   [33m[2m✓[22m[39m overlapping writers share the existing exclusive lease and only one reaches the provider [33m 2173[2mms[22m[39m
 [32m✓[39m tests/control/dispatch-drive.test.ts [2m([22m[2m7 tests[22m[2m)[22m[32m 64[2mms[22m[39m
 [32m✓[39m tests/control/runtime-dispatch.test.ts [2m([22m[2m7 tests[22m[2m)[22m[32m 10[2mms[22m[39m
 [31m❯[39m tests/coordination/process-recovery.test.ts [2m([22m[2m11 tests[22m[2m | [22m[31m7 failed[39m[2m)[22m[33m 209402[2mms[22m[39m
[31m   [31m×[31m two independent processes race the same durable outbox; only one enters the actual provider[39m[33m 10161[2mms[22m[39m
   [33m[2m✓[22m[39m process exit at before_start reopens SQLite and never repeats an ambiguous external action [33m 34246[2mms[22m[39m
   [33m[2m✓[22m[39m process exit at after_bind reopens SQLite and never repeats an ambiguous external action [33m 30971[2mms[22m[39m
[31m   [31m×[31m process exit at after_authorize reopens SQLite and never repeats an ambiguous external action[39m[33m 19185[2mms[22m[39m
[31m   [31m×[31m process exit at after_attempt reopens SQLite and never repeats an ambiguous external action[39m[33m 3643[2mms[22m[39m
[31m   [31m×[31m process exit at provider_effect reopens SQLite and never repeats an ambiguous external action[39m[33m 4124[2mms[22m[39m
[31m   [31m×[31m process exit at after_terminal reopens SQLite and never repeats an ambiguous external action[39m[33m 3631[2mms[22m[39m
[31m   [31m×[31m a committed claim with no wake survives process restart and executes exactly once[39m[33m 4067[2mms[22m[39m
[31m   [31m×[31m an unconsumed execution generation is fenced before retry; an old process arriving late cannot enter Runtime[39m[33m 33593[2mms[22m[39m
   [33m[2m✓[22m[39m a process exit after start authorization but before begin produces a durable no-effect retry [33m 48951[2mms[22m[39m
   [33m[2m✓[22m[39m cancel intent persisted before a caller crash is applied after restart without any Runtime execution [33m 16828[2mms[22m[39m

[31m⎯⎯⎯⎯⎯⎯⎯[39m[1m[41m Failed Tests 7 [49m[22m[31m⎯⎯⎯⎯⎯⎯⎯[39m

[41m[1m FAIL [22m[49m tests/coordination/process-recovery.test.ts[2m > [22mtwo independent processes race the same durable outbox; only one enters the actual provider
[31m[1mAssertionError[22m: expected +0 to be 1 // Object.is equality[39m

[32m- Expected[39m
[31m+ Received[39m

[32m- 1[39m
[31m+ 0[39m

[36m [2m❯[22m tests/coordination/process-recovery.test.ts:[2m72:67[22m[39m
    [90m 70|[39m   [35mconst[39m results [33m=[39m [35mawait[39m [33mPromise[39m[33m.[39m[34mall[39m([a[33m,[39m b])[33m;[39m
    [90m 71|[39m   [34mexpect[39m([35mnew[39m [33mSet[39m(results[33m.[39m[34mmap[39m(r [33m=>[39m r[33m.[39mvalue[33m.[39mpid))[33m.[39msize)[33m.[39m[34mtoBe[39m([34m2[39m)[33m;[39m
    [90m 72|[39m   expect(results.reduce((n, r) => n + r.value.result.started, 0)).toBe…
    [90m   |[39m                                                                   [31m^[39m
    [90m 73|[39m   [34mexpect[39m([35mawait[39m [34mcount[39m(w))[33m.[39m[34mtoBe[39m([34m1[39m)[33m;[39m
    [90m 74|[39m   [35mconst[39m replay [33m=[39m [35mawait[39m [34mchild[39m(w[33m,[39m [32m'replay'[39m[33m,[39m { recover[33m:[39m [35mtrue[39m })[33m;[39m

[31m[2m⎯⎯⎯⎯⎯⎯⎯⎯⎯⎯⎯⎯⎯⎯⎯⎯⎯⎯⎯⎯⎯⎯⎯⎯[1/7]⎯[22m[39m

[41m[1m FAIL [22m[49m tests/coordination/process-recovery.test.ts[2m > [22mprocess exit at after_authorize reopens SQLite and never repeats an ambiguous external action
[31m[1mError[22m: Child failed: node:internal/modules/esm/resolve:271
    throw new ERR_MODULE_NOT_FOUND(
          ^

Error [ERR_MODULE_NOT_FOUND]: Cannot find module '/mnt/d/1.project/Software/agent_platform/src/control/control-engine/communication-reconciliation.js' imported from /mnt/d/1.project/Software/agent_platform/src/control/control-engine/control-engine.ts
    at finalizeResolution (node:internal/modules/esm/resolve:271:11)
    at moduleResolve (node:internal/modules/esm/resolve:865:10)
    at defaultResolve (node:internal/modules/esm/resolve:992:11)
    at #cachedDefaultResolve (node:internal/modules/esm/loader:701:20)
    at #resolveAndMaybeBlockOnLoaderThread (node:internal/modules/esm/loader:721:38)
    at nextStep (node:internal/modules/customization_hooks:189:26)
    at resolve (file:///mnt/d/1.project/Software/agent_platform/tests/coordination/runtime-process.mjs:14:12)
    at nextStep (node:internal/modules/customization_hooks:189:26)
    at resolveWithHooks (node:internal/modules/customization_hooks:417:10)
    at ModuleLoader.resolveSync (node:internal/modules/esm/loader:747:16) {
  code: 'ERR_MODULE_NOT_FOUND',
  url: 'file:///mnt/d/1.project/Software/agent_platform/src/control/control-engine/communication-reconciliation.js'
}

Node.js v24.18.0
[39m
[90m [2m❯[22m resolve tests/coordination/runtime-process.mjs:[2m14:12[22m[39m
[36m [2m❯[22m child tests/coordination/process-recovery.test.ts:[2m50:36[22m[39m
    [90m 48|[39m   } [35mcatch[39m (error) {
    [90m 49|[39m     const failure = error as { code: number; stderr: string; stdout: s…
    [90m 50|[39m     if (failure.code !== 86) throw Error('Child failed: ' + failure.st…
    [90m   |[39m                                    [31m^[39m
    [90m 51|[39m     [35mreturn[39m { code[33m:[39m [34m86[39m[33m,[39m value[33m:[39m [35mnull[39m }[33m;[39m
    [90m 52|[39m   }
[90m [2m❯[22m tests/coordination/process-recovery.test.ts:[2m85:23[22m[39m

[31m[2m⎯⎯⎯⎯⎯⎯⎯⎯⎯⎯⎯⎯⎯⎯⎯⎯⎯⎯⎯⎯⎯⎯⎯⎯[2/7]⎯[22m[39m

[41m[1m FAIL [22m[49m tests/coordination/process-recovery.test.ts[2m > [22mprocess exit at after_attempt reopens SQLite and never repeats an ambiguous external action
[41m[1m FAIL [22m[49m tests/coordination/process-recovery.test.ts[2m > [22mprocess exit at provider_effect reopens SQLite and never repeats an ambiguous external action
[41m[1m FAIL [22m[49m tests/coordination/process-recovery.test.ts[2m > [22mprocess exit at after_terminal reopens SQLite and never repeats an ambiguous external action
[31m[1mError[22m: Child failed: node:internal/modules/esm/resolve:271
    throw new ERR_MODULE_NOT_FOUND(
          ^

Error [ERR_MODULE_NOT_FOUND]: Cannot find module '/mnt/d/1.project/Software/agent_platform/src/control/control-engine/communication-reconciliation.js' imported from /mnt/d/1.project/Software/agent_platform/src/control/control-engine/control-engine.ts
    at finalizeResolution (node:internal/modules/esm/resolve:271:11)
    at moduleResolve (node:internal/modules/esm/resolve:865:10)
    at defaultResolve (node:internal/modules/esm/resolve:992:11)
    at #cachedDefaultResolve (node:internal/modules/esm/loader:701:20)
    at #resolveAndMaybeBlockOnLoaderThread (node:internal/modules/esm/loader:721:38)
    at nextStep (node:internal/modules/customization_hooks:189:26)
    at resolve (file:///mnt/d/1.project/Software/agent_platform/tests/coordination/runtime-process.mjs:14:12)
    at nextStep (node:internal/modules/customization_hooks:189:26)
    at resolveWithHooks (node:internal/modules/customization_hooks:417:10)
    at ModuleLoader.resolveSync (node:internal/modules/esm/loader:747:16) {
  code: 'ERR_MODULE_NOT_FOUND',
  url: 'file:///mnt/d/1.project/Software/agent_platform/src/control/control-engine/communication-reconciliation.js'
}

Node.js v24.18.0
[39m
[90m [2m❯[22m resolve tests/coordination/runtime-process.mjs:[2m14:12[22m[39m
[36m [2m❯[22m child tests/coordination/process-recovery.test.ts:[2m50:36[22m[39m
    [90m 48|[39m   } [35mcatch[39m (error) {
    [90m 49|[39m     const failure = error as { code: number; stderr: string; stdout: s…
    [90m 50|[39m     if (failure.code !== 86) throw Error('Child failed: ' + failure.st…
    [90m   |[39m                                    [31m^[39m
    [90m 51|[39m     [35mreturn[39m { code[33m:[39m [34m86[39m[33m,[39m value[33m:[39m [35mnull[39m }[33m;[39m
    [90m 52|[39m   }
[90m [2m❯[22m tests/coordination/process-recovery.test.ts:[2m82:13[22m[39m

[31m[2m⎯⎯⎯⎯⎯⎯⎯⎯⎯⎯⎯⎯⎯⎯⎯⎯⎯⎯⎯⎯⎯⎯⎯⎯[3/7]⎯[22m[39m

[41m[1m FAIL [22m[49m tests/coordination/process-recovery.test.ts[2m > [22ma committed claim with no wake survives process restart and executes exactly once
[31m[1mError[22m: Child failed: node:internal/modules/esm/resolve:271
    throw new ERR_MODULE_NOT_FOUND(
          ^

Error [ERR_MODULE_NOT_FOUND]: Cannot find module '/mnt/d/1.project/Software/agent_platform/src/control/control-engine/communication-reconciliation.js' imported from /mnt/d/1.project/Software/agent_platform/src/control/control-engine/control-engine.ts
    at finalizeResolution (node:internal/modules/esm/resolve:271:11)
    at moduleResolve (node:internal/modules/esm/resolve:865:10)
    at defaultResolve (node:internal/modules/esm/resolve:992:11)
    at #cachedDefaultResolve (node:internal/modules/esm/loader:701:20)
    at #resolveAndMaybeBlockOnLoaderThread (node:internal/modules/esm/loader:721:38)
    at nextStep (node:internal/modules/customization_hooks:189:26)
    at resolve (file:///mnt/d/1.project/Software/agent_platform/tests/coordination/runtime-process.mjs:14:12)
    at nextStep (node:internal/modules/customization_hooks:189:26)
    at resolveWithHooks (node:internal/modules/customization_hooks:417:10)
    at ModuleLoader.resolveSync (node:internal/modules/esm/loader:747:16) {
  code: 'ERR_MODULE_NOT_FOUND',
  url: 'file:///mnt/d/1.project/Software/agent_platform/src/control/control-engine/communication-reconciliation.js'
}

Node.js v24.18.0
[39m
[90m [2m❯[22m resolve tests/coordination/runtime-process.mjs:[2m14:12[22m[39m
[36m [2m❯[22m child tests/coordination/process-recovery.test.ts:[2m50:36[22m[39m
    [90m 48|[39m   } [35mcatch[39m (error) {
    [90m 49|[39m     const failure = error as { code: number; stderr: string; stdout: s…
    [90m 50|[39m     if (failure.code !== 86) throw Error('Child failed: ' + failure.st…
    [90m   |[39m                                    [31m^[39m
    [90m 51|[39m     [35mreturn[39m { code[33m:[39m [34m86[39m[33m,[39m value[33m:[39m [35mnull[39m }[33m;[39m
    [90m 52|[39m   }
[90m [2m❯[22m tests/coordination/process-recovery.test.ts:[2m95:19[22m[39m

[31m[2m⎯⎯⎯⎯⎯⎯⎯⎯⎯⎯⎯⎯⎯⎯⎯⎯⎯⎯⎯⎯⎯⎯⎯⎯[4/7]⎯[22m[39m

[41m[1m FAIL [22m[49m tests/coordination/process-recovery.test.ts[2m > [22man unconsumed execution generation is fenced before retry; an old process arriving late cannot enter Runtime
[31m[1mError[22m: old consumer did not reach its durable authorization[39m
[36m [2m❯[22m tests/coordination/process-recovery.test.ts:[2m106:38[22m[39m
    [90m104|[39m
    [90m105|[39m it('an unconsumed execution generation is fenced before retry; an old …
    [90m106|[39m   const w = await seed(); const entryReady = join(w.dir, 'entry-ready'…
    [90m   |[39m                                      [31m^[39m
    [90m107|[39m   [35mconst[39m old [33m=[39m [34mchild[39m(w[33m,[39m [32m'old-generation'[39m[33m,[39m { entryReady[33m,[39m entryGo })[33m;[39m
    [90m108|[39m   [35mconst[39m deadline [33m=[39m [33mDate[39m[33m.[39m[34mnow[39m() [33m+[39m [34m30_000[39m[33m;[39m

[31m[2m⎯⎯⎯⎯⎯⎯⎯⎯⎯⎯⎯⎯⎯⎯⎯⎯⎯⎯⎯⎯⎯⎯⎯⎯[5/7]⎯[22m[39m

[31m⎯⎯⎯⎯⎯⎯[39m[1m[41m Unhandled Errors [49m[22m[31m⎯⎯⎯⎯⎯⎯[39m
[31m[1m
Vitest caught 1 unhandled error during the test run.
This might cause false positive tests. Resolve unhandled errors to make sure your tests are not affected.[22m[39m

[31m⎯⎯⎯⎯[39m[1m[41m Unhandled Rejection [49m[22m[31m⎯⎯⎯⎯⎯[39m
[31m[1mError[22m: Child failed: node:internal/modules/esm/resolve:271
    throw new ERR_MODULE_NOT_FOUND(
          ^

Error [ERR_MODULE_NOT_FOUND]: Cannot find module '/mnt/d/1.project/Software/agent_platform/src/control/control-engine/communication-reconciliation.js' imported from /mnt/d/1.project/Software/agent_platform/src/control/control-engine/control-engine.ts
    at finalizeResolution (node:internal/modules/esm/resolve:271:11)
    at moduleResolve (node:internal/modules/esm/resolve:865:10)
    at defaultResolve (node:internal/modules/esm/resolve:992:11)
    at #cachedDefaultResolve (node:internal/modules/esm/loader:701:20)
    at #resolveAndMaybeBlockOnLoaderThread (node:internal/modules/esm/loader:721:38)
    at nextStep (node:internal/modules/customization_hooks:189:26)
    at resolve (file:///mnt/d/1.project/Software/agent_platform/tests/coordination/runtime-process.mjs:14:12)
    at nextStep (node:internal/modules/customization_hooks:189:26)
    at resolveWithHooks (node:internal/modules/customization_hooks:417:10)
    at ModuleLoader.resolveSync (node:internal/modules/esm/loader:747:16) {
  code: 'ERR_MODULE_NOT_FOUND',
  url: 'file:///mnt/d/1.project/Software/agent_platform/src/control/control-engine/communication-reconciliation.js'
}

Node.js v24.18.0
[39m
[90m [2m❯[22m finalizeResolution node:internal/modules/esm/resolve:[2m271:11[22m[39m
[90m [2m❯[22m moduleResolve node:internal/modules/esm/resolve:[2m865:10[22m[39m
[90m [2m❯[22m defaultResolve node:internal/modules/esm/resolve:[2m992:11[22m[39m
[90m [2m❯[22m #cachedDefaultResolve node:internal/modules/esm/loader:[2m701:20[22m[39m
[90m [2m❯[22m #resolveAndMaybeBlockOnLoaderThread node:internal/modules/esm/loader:[2m721:38[22m[39m
[90m [2m❯[22m nextStep node:internal/modules/customization_hooks:[2m189:26[22m[39m
[90m [2m❯[22m resolve tests/coordination/runtime-process.mjs:[2m14:12[22m[39m
[90m [2m❯[22m nextStep node:internal/modules/customization_hooks:[2m189:26[22m[39m
[90m [2m❯[22m resolveWithHooks node:internal/modules/customization_hooks:[2m417:10[22m[39m
[36m [2m❯[22m child tests/coordination/process-recovery.test.ts:[2m50:36[22m[39m
    [90m 48|[39m   } [35mcatch[39m (error) {
    [90m 49|[39m     const failure = error as { code: number; stderr: string; stdout: s…
    [90m 50|[39m     if (failure.code !== 86) throw Error('Child failed: ' + failure.st…
    [90m   |[39m                                    [31m^[39m
    [90m 51|[39m     [35mreturn[39m { code[33m:[39m [34m86[39m[33m,[39m value[33m:[39m [35mnull[39m }[33m;[39m
    [90m 52|[39m   }
[90m [2m❯[22m processTicksAndRejections node:internal/process/task_queues:[2m104:5[22m[39m

[31mThis error originated in "[1mtests/coordination/process-recovery.test.ts[22m" test file. It doesn't mean the error was thrown inside the file itself, but while it was running.[39m
[31mThe latest test that might've caused the error is "[1man unconsumed execution generation is fenced before retry; an old process arriving late cannot enter Runtime[22m". It might mean one of the following:
- The error was thrown, while Vitest was running this test.
- If the error occurred after the test had been completed, this was the last documented test before it was thrown.[39m
[31m⎯⎯⎯⎯⎯⎯⎯⎯⎯⎯⎯⎯⎯⎯⎯⎯⎯⎯⎯⎯⎯⎯⎯⎯⎯⎯⎯⎯⎯⎯[39m


[2m Test Files [22m [1m[31m1 failed[39m[22m[2m | [22m[1m[32m13 passed[39m[22m[90m (14)[39m
[2m      Tests [22m [1m[31m7 failed[39m[22m[2m | [22m[1m[32m110 passed[39m[22m[90m (117)[39m
[2m     Errors [22m [1m[31m1 error[39m[22m
[2m   Start at [22m 15:18:24
[2m   Duration [22m 230.71s[2m (transform 54.77s, setup 0ms, import 90.37s, tests 279.12s, environment 1ms)[22m

