
[1m[30m[46m RUN [49m[39m[22m [36mv4.1.10 [39m[90m/mnt/d/1.project/Software/agent_platform[39m

 [32m✓[39m tests/coordination/coordination-capability.test.ts [2m([22m[2m7 tests[22m[2m)[22m[33m 16347[2mms[22m[39m
     [33m[2m✓[22m[39m 未授予的 Run：判定给出可读原因、不提供协调工具、调用被拒且平台状态零改动 [33m 2821[2mms[22m[39m
     [33m[2m✓[22m[39m 授予的 Run：能力依据来自账本事实、工具可用、调用被受理，并随运行记录持久化 [33m 2933[2mms[22m[39m
     [33m[2m✓[22m[39m 同一个 Run 在两个 Work 上都满足授予条件时：拒绝授予（可读原因），不替它挑一个身份 [33m 2087[2mms[22m[39m
     [33m[2m✓[22m[39m 不存在第二条拿到协调工具的路径：唯一注入点是运行入口，且它只在 granted 时发生 [33m 2618[2mms[22m[39m
     [33m[2m✓[22m[39m 换手之后：旧 Run 不再被授予，新参与段的 Run 被授予（显式规则可直接核对） [33m 3549[2mms[22m[39m
     [33m[2m✓[22m[39m 内核策略层：工具被注入但未获宿主授权时，内核按未授权的未知操作拒绝，handler 不执行 [33m 362[2mms[22m[39m
     [33m[2m✓[22m[39m 每个写操作在动 Vault/Control 之前校验能力：授予失效后拒绝，且零平台状态变更 [33m 1975[2mms[22m[39m
 [32m✓[39m tests/coordination/model-request-evidence-bypass.test.ts [2m([22m[2m7 tests[22m[2m)[22m[33m 18386[2mms[22m[39m
   [33m[2m✓[22m[39m each actual provider request has already consumed its own exact permit (clock=2026-09-05T12:00:00.000Z) [33m 2784[2mms[22m[39m
   [33m[2m✓[22m[39m each actual provider request has already consumed its own exact permit (clock=2030-01-01T00:00:00.000Z) [33m 2990[2mms[22m[39m
   [33m[2m✓[22m[39m refuses refuse before any provider side effect and records a known failure [33m 2617[2mms[22m[39m
   [33m[2m✓[22m[39m refuses tamper_context before any provider side effect and records a known failure [33m 2340[2mms[22m[39m
   [33m[2m✓[22m[39m refuses tamper_request before any provider side effect and records a known failure [33m 2469[2mms[22m[39m
   [33m[2m✓[22m[39m canonical cancellation between requests prevents the second provider request [33m 2802[2mms[22m[39m
   [33m[2m✓[22m[39m direct ledger writes cannot forge a second consumed permit or a mismatched input digest [33m 2384[2mms[22m[39m
 [32m✓[39m tests/coordination/delivery-into-input.test.ts [2m([22m[2m6 tests[22m[2m)[22m[33m 20149[2mms[22m[39m
     [33m[2m✓[22m[39m Delivery 正文、精确版本与选入理由都进入捕获的 ModelRequest 与 manifest.selected [33m 4021[2mms[22m[39m
     [33m[2m✓[22m[39m 调用证据（D06）：model_request_evidence 落账，requestDigest = 捕获请求重算的 sha256，contextInputDigest = manifest.inputDigest，同一许可的第二次尝试被拒 [33m 3869[2mms[22m[39m
     [33m[2m✓[22m[39m 撤权之后：该 Delivery 不允许进入新的输入（材料组装在模型调用之前失败） [33m 2804[2mms[22m[39m
     [33m[2m✓[22m[39m 来源在本次运行期间被更新：basis 不一致 → 精确授权失效 → 拒绝进入新输入 [33m 3156[2mms[22m[39m
   [33m[2m✓[22m[39m grant revocation racing the attempted commit prevents the actual provider even after authorization [33m 3733[2mms[22m[39m
   [33m[2m✓[22m[39m source permission revoked after the first real request prevents a second request in the same Run [33m 2564[2mms[22m[39m
 [32m✓[39m tests/coordination/host-tool-chain.test.ts [2m([22m[2m1 test[22m[2m)[22m[33m 4369[2mms[22m[39m
     [33m[2m✓[22m[39m 模型经真实工具发起请求与报告；重启后唯一后继被受理、准备并带着精确报告版本跑起来 [33m 4368[2mms[22m[39m
 [32m✓[39m tests/coordination/runtime-concurrency.test.ts [2m([22m[2m2 tests[22m[2m)[22m[33m 5589[2mms[22m[39m
   [33m[2m✓[22m[39m ordinary drive overlaps two actual read-only Runtime/provider calls [33m 3189[2mms[22m[39m
   [33m[2m✓[22m[39m overlapping writers share the existing exclusive lease and only one reaches the provider [33m 2399[2mms[22m[39m
 [32m✓[39m tests/coordination/control.sqlite.test.ts [2m([22m[2m4 tests[22m[2m)[22m[33m 1136[2mms[22m[39m
 [31m❯[39m tests/coordination/route-continuity.test.ts [2m([22m[2m14 tests[22m[2m | [22m[31m1 failed[39m[2m)[22m[33m 370[2mms[22m[39m
     [32m✓[39m DirectedRequestSent 的提交回执同时含源事件与同位置的 CommunicationIntentRecorded，且 sourceCursor 逐字节等于源事件游标[32m 64[2mms[22m[39m
     [32m✓[39m 整轮候选集合而不是本页切片：3 个订阅 + 页大小 1 → 首轮就把 3 个都固定进范围，翻满 3 页并全部投递[32m 28[2mms[22m[39m
     [32m✓[39m 本页引入本轮范围外的订阅 → Control 整页拒绝（零写入）[32m 14[2mms[22m[39m
     [32m✓[39m 同一 topic 上更靠后的事件位置，在前一条未收敛的 route intent 完成前不被推进[32m 22[2mms[22m[39m
     [32m✓[39m 已证实无副作用的失败进入 retry_scheduled（availableAt = settledAt + 退避）；已开始的副作用一律拒绝退避[32m 10[2mms[22m[39m
[31m     [31m×[31m 租约到期不构成重跑依据：sideEffectStarted 的 intent 不被重领，只作为 requires_reconcile 可见[39m[32m 19[2mms[22m[39m
     [32m✓[39m 未产生副作用：取消等待后 intent **先**落成 cancel_requested，drive 之后收敛为 cancelled[32m 21[2mms[22m[39m
     [32m✓[39m 副作用已经开始：同一个取消请求只能收敛为 outcome_unknown，绝不声称 cancelled[32m 21[2mms[22m[39m
   [32m✓[39m a burst of source events during pagination creates every round and delivers each subscription once in order[32m 76[2mms[22m[39m
   [32m✓[39m one historical subscription preserves multiple topics and hands over to live sources at its fixed creation horizon[32m 30[2mms[22m[39m
   [32m✓[39m a subscription committed while a source is awaiting commit joins that source atomically[32m 11[2mms[22m[39m
   [32m✓[39m cancelling the final subscription during a fixed three-page round advances the page without delivering to it[32m 16[2mms[22m[39m
   [32m✓[39m restart-style recovery finishes derived cancellation after the Wait commit succeeded and the caller disappeared[32m 17[2mms[22m[39m
   [32m✓[39m a one-intent budget rotates historical subscriptions by durable progress even when wall time is fixed[32m 19[2mms[22m[39m
 [32m✓[39m tests/coordination/participation-uniqueness.test.ts [2m([22m[2m1 test[22m[2m)[22m[32m 225[2mms[22m[39m
 [31m❯[39m tests/coordination/handoff-successor.test.ts [2m([22m[2m6 tests[22m[2m | [22m[31m2 failed[39m[2m)[22m[32m 258[2mms[22m[39m
     [32m✓[39m 旧参与段结束后新参与段建立：等待仍产生同一 Work 的唯一后继，且用的是 admission 固定的参与关系[32m 91[2mms[22m[39m
     [32m✓[39m 新参与者 + 旧 Run 拼成的 agent 身份被拒（零写入）；真实调度路径用 system + 来源关联[32m 41[2mms[22m[39m
[31m     [31m×[31m 换手插在「读取当前参与关系」与「提交」之间：受理被 CAS 拒绝（零写入），重新读取后可接续[39m[32m 28[2mms[22m[39m
[31m     [31m×[31m 已受理的后继不再按 (goal, task) 解析：解析面调用为 0，且对抗性 absent 也照旧 link 到同一个 Work[39m[32m 24[2mms[22m[39m
     [32m✓[39m 新参与者是只读角色：写权限被收掉，收窄后的权限集同时进 admission 与唯一 outbox[32m 35[2mms[22m[39m
     [32m✓[39m 交集为空：零写入拒绝并保留等待；换成有资格的参与者后同一等待仍能接续[32m 36[2mms[22m[39m
 [32m✓[39m tests/coordination/control.test.ts [2m([22m[2m28 tests[22m[2m)[22m[32m 75[2mms[22m[39m
 [32m✓[39m tests/coordination/route-drive.test.ts [2m([22m[2m19 tests[22m[2m)[22m[33m 37560[2mms[22m[39m
     [33m[2m✓[22m[39m SQLite close + reopen 后仍能领取既有 wait_admission intent 并完成唯一后继 [33m 1852[2mms[22m[39m
   [33m[2m✓[22m[39m independent process exit before_page recovers fixed subscription pages exactly once [33m 12150[2mms[22m[39m
   [33m[2m✓[22m[39m independent process exit after_page recovers fixed subscription pages exactly once [33m 11520[2mms[22m[39m
   [33m[2m✓[22m[39m independent consumers preserve the new generation result when the old process settles late [33m 11746[2mms[22m[39m
 [32m✓[39m tests/coordination/process-recovery.test.ts [2m([22m[2m13 tests[22m[2m)[22m[33m 456291[2mms[22m[39m
   [33m[2m✓[22m[39m two independent processes race the same durable outbox; only one enters the actual provider [33m 27113[2mms[22m[39m
   [33m[2m✓[22m[39m process exit at before_start reopens SQLite and never repeats an ambiguous external action [33m 36189[2mms[22m[39m
   [33m[2m✓[22m[39m process exit at after_bind reopens SQLite and never repeats an ambiguous external action [33m 32053[2mms[22m[39m
   [33m[2m✓[22m[39m process exit at after_authorize reopens SQLite and never repeats an ambiguous external action [33m 30421[2mms[22m[39m
   [33m[2m✓[22m[39m process exit at after_attempt reopens SQLite and never repeats an ambiguous external action [33m 33581[2mms[22m[39m
   [33m[2m✓[22m[39m process exit at provider_effect reopens SQLite and never repeats an ambiguous external action [33m 32136[2mms[22m[39m
   [33m[2m✓[22m[39m process exit at after_terminal reopens SQLite and never repeats an ambiguous external action [33m 32423[2mms[22m[39m
   [33m[2m✓[22m[39m a committed claim with no wake survives process restart and executes exactly once [33m 17202[2mms[22m[39m
   [33m[2m✓[22m[39m an unconsumed execution generation is fenced before retry; an old process arriving late cannot enter Runtime [33m 48673[2mms[22m[39m
   [33m[2m✓[22m[39m a process exit after start authorization but before begin produces a durable no-effect retry [33m 49442[2mms[22m[39m
   [33m[2m✓[22m[39m cancel intent persisted before a caller crash is applied after restart without any Runtime execution [33m 14863[2mms[22m[39m
   [33m[2m✓[22m[39m late durable Runtime terminal receipt reconciles an unknown Run (cancel=false) without replay [33m 48606[2mms[22m[39m
   [33m[2m✓[22m[39m late durable Runtime terminal receipt reconciles an unknown Run (cancel=true) without replay [33m 53586[2mms[22m[39m

[31m⎯⎯⎯⎯⎯⎯⎯[39m[1m[41m Failed Tests 3 [49m[22m[31m⎯⎯⎯⎯⎯⎯⎯[39m

[41m[1m FAIL [22m[49m tests/coordination/handoff-successor.test.ts[2m > [22m协议约束 2.1：换手版本进入后继接续的同一事务检查[2m > [22m换手插在「读取当前参与关系」与「提交」之间：受理被 CAS 拒绝（零写入），重新读取后可接续
[31m[1mAssertionError[22m: expected 'forbidden' to be 'revision_conflict' // Object.is equality[39m

Expected: [32m"revision_conflict"[39m
Received: [31m"forbidden"[39m

[36m [2m❯[22m tests/coordination/handoff-successor.test.ts:[2m716:26[22m[39m
    [90m714|[39m     const raced = await gatedControl.admitWaitSuccessor(await admitCom…
    [90m715|[39m       commandId[33m:[39m [32m"coord-admit-wait-race-direct"[39m[33m,[39m
    [90m716|[39m       waitId[33m:[39m [32m"wait-race"[39m[33m,[39m
    [90m   |[39m                          [31m^[39m
    [90m717|[39m       actor[33m:[39m { kind[33m:[39m [32m"system"[39m[33m,[39m id[33m:[39m [32m"handoff-race-probe"[39m }[33m,[39m
    [90m718|[39m       participationRef[33m:[39m partC2[33m,[39m

[31m[2m⎯⎯⎯⎯⎯⎯⎯⎯⎯⎯⎯⎯⎯⎯⎯⎯⎯⎯⎯⎯⎯⎯⎯⎯[1/3]⎯[22m[39m

[41m[1m FAIL [22m[49m tests/coordination/handoff-successor.test.ts[2m > [22m第 2 步 / R7：后继派发期只消费 admission 固定的 Work[2m > [22m已受理的后继不再按 (goal, task) 解析：解析面调用为 0，且对抗性 absent 也照旧 link 到同一个 Work
[31m[1mAssertionError[22m: {"status":"rejected","commandId":"coord-admit-wait-r7-direct","code":"forbidden","issues":["Admission requires the current unexpired consumer and generation"]}: expected 'rejected' to be 'committed' // Object.is equality[39m

Expected: [32m"[7mcommit[27mted"[39m
Received: [31m"[7mrejec[27mted"[39m

[36m [2m❯[22m tests/coordination/handoff-successor.test.ts:[2m753:53[22m[39m
    [90m751|[39m     [35mconst[39m { s[33m,[39m partC2 } [33m=[39m [35mawait[39m [34mreadyForHandoffAdmission[39m([32m"r7"[39m)[33m;[39m
    [90m752|[39m     [90m// 直接经 Control 受理（不经过 drive 的 ordinary 段）：唯一后继 outbox 因此保持 pending。[39m
    [90m753|[39m     const receipt = await s.h.control.admitWaitSuccessor(await admitCo…
    [90m   |[39m                                                     [31m^[39m
    [90m754|[39m       commandId[33m:[39m [32m"coord-admit-wait-r7-direct"[39m[33m,[39m
    [90m755|[39m       waitId[33m:[39m [32m"wait-r7"[39m[33m,[39m

[31m[2m⎯⎯⎯⎯⎯⎯⎯⎯⎯⎯⎯⎯⎯⎯⎯⎯⎯⎯⎯⎯⎯⎯⎯⎯[2/3]⎯[22m[39m

[41m[1m FAIL [22m[49m tests/coordination/route-continuity.test.ts[2m > [22m取消与 unknown（A07/A08）：非终态退避与已开始的副作用[2m > [22m租约到期不构成重跑依据：sideEffectStarted 的 intent 不被重领，只作为 requires_reconcile 可见
[31m[1mAssertionError[22m: expected [] to deeply equal [ 'requires_reconcile' ][39m

[32m- Expected[39m
[31m+ Received[39m

[32m- [[39m
[32m-   "requires_reconcile",[39m
[32m- ][39m
[31m+ [][39m

[36m [2m❯[22m tests/coordination/route-continuity.test.ts:[2m537:69[22m[39m
    [90m535|[39m     const drive = await h.drive({ reason: "rc-lease-expired", maxInten…
    [90m536|[39m     [34mexpect[39m(drive[33m.[39mcoordination[33m?.[39mfailures)[33m.[39m[34mtoEqual[39m([])[33m;[39m
    [90m537|[39m     [35mconst[39m after [33m=[39m [35mawait[39m [34mloadIntent[39m(s[33m,[39m intentId)[33m;[39m
    [90m   |[39m                                                                     [31m^[39m
    [90m538|[39m     [34mexpect[39m(after[33m.[39mintent[33m.[39mleaseGeneration)[33m.[39m[34mtoBe[39m(claimed[33m.[39mleaseGeneration)[33m;[39m
    [90m539|[39m     [34mexpect[39m(after[33m.[39mrevision)[33m.[39m[34mtoBe[39m(beforeExpiry[33m.[39mrevision [33m+[39m [34m1[39m)[33m;[39m

[31m[2m⎯⎯⎯⎯⎯⎯⎯⎯⎯⎯⎯⎯⎯⎯⎯⎯⎯⎯⎯⎯⎯⎯⎯⎯[3/3]⎯[22m[39m


[2m Test Files [22m [1m[31m2 failed[39m[22m[2m | [22m[1m[32m10 passed[39m[22m[90m (12)[39m
[2m      Tests [22m [1m[31m3 failed[39m[22m[2m | [22m[1m[32m105 passed[39m[22m[90m (108)[39m
[2m   Start at [22m 15:22:54
[2m   Duration [22m 478.20s[2m (transform 70.61s, setup 0ms, import 95.75s, tests 560.76s, environment 1ms)[22m

