
[1m[30m[46m RUN [49m[39m[22m [36mv4.1.10 [39m[90m/mnt/d/1.project/Software/agent_platform[39m

 [31m❯[39m tests/coordination/runtime-concurrency.test.ts [2m([22m[2m2 tests[22m[2m | [22m[31m2 failed[39m[2m)[22m[32m 83[2mms[22m[39m
[31m   [31m×[31m ordinary drive overlaps two actual read-only Runtime/provider calls[39m[32m 22[2mms[22m[39m
[31m   [31m×[31m overlapping writers share the existing exclusive lease and only one reaches the provider[39m[32m 61[2mms[22m[39m
 [31m❯[39m tests/coordination/process-recovery.test.ts [2m([22m[2m8 tests[22m[2m | [22m[31m8 failed[39m[2m)[22m[33m 558[2mms[22m[39m
[31m   [31m×[31m two independent processes race the same durable outbox; only one enters the actual provider[39m[32m 18[2mms[22m[39m
[31m   [31m×[31m process exit at before_start reopens SQLite and never repeats an ambiguous external action[39m[32m 38[2mms[22m[39m
[31m   [31m×[31m process exit at after_bind reopens SQLite and never repeats an ambiguous external action[39m[32m 285[2mms[22m[39m
[31m   [31m×[31m process exit at after_authorize reopens SQLite and never repeats an ambiguous external action[39m[32m 76[2mms[22m[39m
[31m   [31m×[31m process exit at after_attempt reopens SQLite and never repeats an ambiguous external action[39m[32m 13[2mms[22m[39m
[31m   [31m×[31m process exit at provider_effect reopens SQLite and never repeats an ambiguous external action[39m[32m 12[2mms[22m[39m
[31m   [31m×[31m process exit at after_terminal reopens SQLite and never repeats an ambiguous external action[39m[32m 100[2mms[22m[39m
[31m   [31m×[31m a committed claim with no wake survives process restart and executes exactly once[39m[32m 15[2mms[22m[39m

[31m⎯⎯⎯⎯⎯⎯[39m[1m[41m Failed Tests 10 [49m[22m[31m⎯⎯⎯⎯⎯⎯⎯[39m

[41m[1m FAIL [22m[49m tests/coordination/process-recovery.test.ts[2m > [22mtwo independent processes race the same durable outbox; only one enters the actual provider
[31m[1mError[22m: seed may not call a provider[39m
[36m [2m❯[22m CodingAgentRuntime.bind tests/coordination/process-recovery.test.ts:[2m28:71[22m[39m
    [90m 26|[39m     instruction: 'Return the process witness.', budget: { contextWindo…
    [90m 27|[39m       maxRequests: null, maxToolCalls: null, timeoutMs: null, perRespo…
    [90m 28|[39m   const runtime = new CodingAgentRuntime(runsDir, async () => { throw …
    [90m   |[39m                                                                       [31m^[39m
    [90m 29|[39m   await runtime.init(); await runtime.prepare(spec); await runtime.clo…
    [90m 30|[39m   const h = await createPersistentSqliteHarness({ dir: stateDir, deps:…
[90m [2m❯[22m CodingAgentRuntime.preflight src/execution/worker-runtime/coding-agent-runtime.ts:[2m118:30[22m[39m
[90m [2m❯[22m CodingAgentRuntime.prepare src/execution/worker-runtime/coding-agent-runtime.ts:[2m122:5[22m[39m
[90m [2m❯[22m seed tests/coordination/process-recovery.test.ts:[2m29:25[22m[39m
[90m [2m❯[22m tests/coordination/process-recovery.test.ts:[2m60:13[22m[39m

[31m[2m⎯⎯⎯⎯⎯⎯⎯⎯⎯⎯⎯⎯⎯⎯⎯⎯⎯⎯⎯⎯⎯⎯⎯[1/10]⎯[22m[39m

[41m[1m FAIL [22m[49m tests/coordination/process-recovery.test.ts[2m > [22mprocess exit at before_start reopens SQLite and never repeats an ambiguous external action
[41m[1m FAIL [22m[49m tests/coordination/process-recovery.test.ts[2m > [22mprocess exit at after_bind reopens SQLite and never repeats an ambiguous external action
[41m[1m FAIL [22m[49m tests/coordination/process-recovery.test.ts[2m > [22mprocess exit at after_authorize reopens SQLite and never repeats an ambiguous external action
[41m[1m FAIL [22m[49m tests/coordination/process-recovery.test.ts[2m > [22mprocess exit at after_attempt reopens SQLite and never repeats an ambiguous external action
[41m[1m FAIL [22m[49m tests/coordination/process-recovery.test.ts[2m > [22mprocess exit at provider_effect reopens SQLite and never repeats an ambiguous external action
[41m[1m FAIL [22m[49m tests/coordination/process-recovery.test.ts[2m > [22mprocess exit at after_terminal reopens SQLite and never repeats an ambiguous external action
[31m[1mError[22m: seed may not call a provider[39m
[36m [2m❯[22m CodingAgentRuntime.bind tests/coordination/process-recovery.test.ts:[2m28:71[22m[39m
    [90m 26|[39m     instruction: 'Return the process witness.', budget: { contextWindo…
    [90m 27|[39m       maxRequests: null, maxToolCalls: null, timeoutMs: null, perRespo…
    [90m 28|[39m   const runtime = new CodingAgentRuntime(runsDir, async () => { throw …
    [90m   |[39m                                                                       [31m^[39m
    [90m 29|[39m   await runtime.init(); await runtime.prepare(spec); await runtime.clo…
    [90m 30|[39m   const h = await createPersistentSqliteHarness({ dir: stateDir, deps:…
[90m [2m❯[22m CodingAgentRuntime.preflight src/execution/worker-runtime/coding-agent-runtime.ts:[2m118:30[22m[39m
[90m [2m❯[22m CodingAgentRuntime.prepare src/execution/worker-runtime/coding-agent-runtime.ts:[2m122:5[22m[39m
[90m [2m❯[22m seed tests/coordination/process-recovery.test.ts:[2m29:25[22m[39m
[90m [2m❯[22m tests/coordination/process-recovery.test.ts:[2m80:15[22m[39m

[31m[2m⎯⎯⎯⎯⎯⎯⎯⎯⎯⎯⎯⎯⎯⎯⎯⎯⎯⎯⎯⎯⎯⎯⎯[2/10]⎯[22m[39m

[41m[1m FAIL [22m[49m tests/coordination/process-recovery.test.ts[2m > [22ma committed claim with no wake survives process restart and executes exactly once
[31m[1mError[22m: seed may not call a provider[39m
[36m [2m❯[22m CodingAgentRuntime.bind tests/coordination/process-recovery.test.ts:[2m28:71[22m[39m
    [90m 26|[39m     instruction: 'Return the process witness.', budget: { contextWindo…
    [90m 27|[39m       maxRequests: null, maxToolCalls: null, timeoutMs: null, perRespo…
    [90m 28|[39m   const runtime = new CodingAgentRuntime(runsDir, async () => { throw …
    [90m   |[39m                                                                       [31m^[39m
    [90m 29|[39m   await runtime.init(); await runtime.prepare(spec); await runtime.clo…
    [90m 30|[39m   const h = await createPersistentSqliteHarness({ dir: stateDir, deps:…
[90m [2m❯[22m CodingAgentRuntime.preflight src/execution/worker-runtime/coding-agent-runtime.ts:[2m118:30[22m[39m
[90m [2m❯[22m CodingAgentRuntime.prepare src/execution/worker-runtime/coding-agent-runtime.ts:[2m122:5[22m[39m
[90m [2m❯[22m seed tests/coordination/process-recovery.test.ts:[2m29:25[22m[39m
[90m [2m❯[22m tests/coordination/process-recovery.test.ts:[2m93:13[22m[39m

[31m[2m⎯⎯⎯⎯⎯⎯⎯⎯⎯⎯⎯⎯⎯⎯⎯⎯⎯⎯⎯⎯⎯⎯⎯[3/10]⎯[22m[39m

[41m[1m FAIL [22m[49m tests/coordination/runtime-concurrency.test.ts[2m > [22mordinary drive overlaps two actual read-only Runtime/provider calls
[31m[1mError[22m: unable to open database file[39m
[36m [2m❯[22m new SqliteStateLedger src/data/state-ledger/sqlite-ledger.ts:[2m170:15[22m[39m
    [90m168|[39m     [35mthis[39m[33m.[39mdbPath [33m=[39m options[33m.[39mpath[33m;[39m
    [90m169|[39m     [35mthis[39m[33m.[39mbeforeWrite [33m=[39m options[33m.[39mbeforeWrite[33m;[39m
    [90m170|[39m     [35mthis[39m[33m.[39mdb [33m=[39m [35mnew[39m [33mDatabaseSync[39m(options[33m.[39mpath)[33m;[39m
    [90m   |[39m               [31m^[39m
    [90m171|[39m     [35mthis[39m[33m.[39m[34minitSchema[39m()[33m;[39m
    [90m172|[39m   }
[90m [2m❯[22m createSqliteStateLedger src/data/state-ledger/sqlite-ledger.ts:[2m1137:10[22m[39m
[90m [2m❯[22m buildHarness src/harness/persistent-harness.ts:[2m502:18[22m[39m
[90m [2m❯[22m make src/harness/persistent-harness.ts:[2m670:19[22m[39m
[90m [2m❯[22m createPersistentSqliteHarness src/harness/persistent-harness.ts:[2m822:10[22m[39m
[90m [2m❯[22m world tests/coordination/runtime-concurrency.test.ts:[2m44:13[22m[39m
[90m [2m❯[22m tests/coordination/runtime-concurrency.test.ts:[2m69:13[22m[39m

[31m[2m⎯⎯⎯⎯⎯⎯⎯⎯⎯⎯⎯⎯⎯⎯⎯⎯⎯⎯⎯⎯⎯⎯⎯[4/10]⎯[22m[39m

[41m[1m FAIL [22m[49m tests/coordination/runtime-concurrency.test.ts[2m > [22moverlapping writers share the existing exclusive lease and only one reaches the provider
[31m[1mError[22m: unable to open database file[39m
[36m [2m❯[22m new SqliteStateLedger src/data/state-ledger/sqlite-ledger.ts:[2m170:15[22m[39m
    [90m168|[39m     [35mthis[39m[33m.[39mdbPath [33m=[39m options[33m.[39mpath[33m;[39m
    [90m169|[39m     [35mthis[39m[33m.[39mbeforeWrite [33m=[39m options[33m.[39mbeforeWrite[33m;[39m
    [90m170|[39m     [35mthis[39m[33m.[39mdb [33m=[39m [35mnew[39m [33mDatabaseSync[39m(options[33m.[39mpath)[33m;[39m
    [90m   |[39m               [31m^[39m
    [90m171|[39m     [35mthis[39m[33m.[39m[34minitSchema[39m()[33m;[39m
    [90m172|[39m   }
[90m [2m❯[22m createSqliteStateLedger src/data/state-ledger/sqlite-ledger.ts:[2m1137:10[22m[39m
[90m [2m❯[22m buildHarness src/harness/persistent-harness.ts:[2m502:18[22m[39m
[90m [2m❯[22m make src/harness/persistent-harness.ts:[2m670:19[22m[39m
[90m [2m❯[22m createPersistentSqliteHarness src/harness/persistent-harness.ts:[2m822:10[22m[39m
[90m [2m❯[22m world tests/coordination/runtime-concurrency.test.ts:[2m44:13[22m[39m
[90m [2m❯[22m tests/coordination/runtime-concurrency.test.ts:[2m81:13[22m[39m

[31m[2m⎯⎯⎯⎯⎯⎯⎯⎯⎯⎯⎯⎯⎯⎯⎯⎯⎯⎯⎯⎯⎯⎯⎯[5/10]⎯[22m[39m


[2m Test Files [22m [1m[31m2 failed[39m[22m[90m (2)[39m
[2m      Tests [22m [1m[31m10 failed[39m[22m[90m (10)[39m
[2m   Start at [22m 14:38:01
[2m   Duration [22m 21.17s[2m (transform 33.93s, setup 0ms, import 38.45s, tests 641ms, environment 0ms)[22m

