
[1m[30m[46m RUN [49m[39m[22m [36mv4.1.10 [39m[90m/mnt/d/1.project/Software/agent_platform[39m

 [31m❯[39m tests/control/dispatch-drive.test.ts [2m([22m[2m7 tests[22m[2m | [22m[31m2 failed[39m[2m)[22m[32m 59[2mms[22m[39m
     [32m✓[39m starts the run only AFTER the outbox intent is recorded started[32m 18[2mms[22m[39m
     [32m✓[39m no pending intents -> all zero and no runtime call[32m 3[2mms[22m[39m
     [32m✓[39m context rejected -> context_rejected failure, outbox stays pending, runtime not called[32m 6[2mms[22m[39m
     [32m✓[39m needs_material -> rejected failure, runtime not called[32m 3[2mms[22m[39m
     [32m✓[39m runtime error after a successful start -> runtime_error failure (run started)[32m 10[2mms[22m[39m
[31m     [31m×[31m 调用许可未签发 -> 启动前失败用既有 outcome_unknown 收口：Run 有终态、模型从未被调用、旁路失败可见[39m[32m 10[2mms[22m[39m
[31m     [31m×[31m 许可未签发后收口再被拒 -> 仍然可见（prestart_closure_rejected），不静默[39m[32m 7[2mms[22m[39m
 [31m❯[39m tests/coordination/route-continuity.test.ts [2m([22m[2m8 tests[22m[2m | [22m[31m1 failed[39m[2m)[22m[32m 135[2mms[22m[39m
     [32m✓[39m DirectedRequestSent 的提交回执同时含源事件与同位置的 CommunicationIntentRecorded，且 sourceCursor 逐字节等于源事件游标[32m 42[2mms[22m[39m
     [32m✓[39m 整轮候选集合而不是本页切片：3 个订阅 + 页大小 1 → 首轮就把 3 个都固定进范围，翻满 3 页并全部投递[32m 14[2mms[22m[39m
     [32m✓[39m 本页引入本轮范围外的订阅 → Control 整页拒绝（零写入）[32m 9[2mms[22m[39m
     [32m✓[39m 同一 topic 上更靠后的事件位置，在前一条未收敛的 route intent 完成前不被推进[32m 15[2mms[22m[39m
     [32m✓[39m 已证实无副作用的失败进入 retry_scheduled（availableAt = settledAt + 退避）；已开始的副作用一律拒绝退避[32m 8[2mms[22m[39m
     [32m✓[39m 租约到期不构成重跑依据：sideEffectStarted 的 intent 不被重领，只作为 requires_reconcile 可见[32m 9[2mms[22m[39m
     [32m✓[39m 未产生副作用：取消等待后 intent **先**落成 cancel_requested，drive 之后收敛为 cancelled[32m 18[2mms[22m[39m
[31m     [31m×[31m 副作用已经开始：同一个取消请求只能收敛为 outcome_unknown，绝不声称 cancelled[39m[32m 19[2mms[22m[39m
 [32m✓[39m tests/coordination/host-tool-chain.test.ts [2m([22m[2m1 test[22m[2m)[22m[33m 4212[2mms[22m[39m
     [33m[2m✓[22m[39m 模型经真实工具发起请求与报告；重启后唯一后继被受理、准备并带着精确报告版本跑起来 [33m 4211[2mms[22m[39m
 [32m✓[39m tests/coordination/model-request-evidence-bypass.test.ts [2m([22m[2m7 tests[22m[2m)[22m[33m 12000[2mms[22m[39m
   [33m[2m✓[22m[39m each actual provider request has already consumed its own exact permit (clock=2026-09-05T12:00:00.000Z) [33m 2263[2mms[22m[39m
   [33m[2m✓[22m[39m each actual provider request has already consumed its own exact permit (clock=2030-01-01T00:00:00.000Z) [33m 2473[2mms[22m[39m
   [33m[2m✓[22m[39m refuses refuse before any provider side effect and records a known failure [33m 1422[2mms[22m[39m
   [33m[2m✓[22m[39m refuses tamper_context before any provider side effect and records a known failure [33m 1332[2mms[22m[39m
   [33m[2m✓[22m[39m refuses tamper_request before any provider side effect and records a known failure [33m 1498[2mms[22m[39m
   [33m[2m✓[22m[39m canonical cancellation between requests prevents the second provider request [33m 1556[2mms[22m[39m
   [33m[2m✓[22m[39m direct ledger writes cannot forge a second consumed permit or a mismatched input digest [33m 1455[2mms[22m[39m

[31m⎯⎯⎯⎯⎯⎯⎯[39m[1m[41m Failed Tests 3 [49m[22m[31m⎯⎯⎯⎯⎯⎯⎯[39m

[41m[1m FAIL [22m[49m tests/coordination/route-continuity.test.ts[2m > [22m先持久化取消意图（A07）：等待被取消 → 派生 intent 先被标记、再被收敛[2m > [22m副作用已经开始：同一个取消请求只能收敛为 outcome_unknown，绝不声称 cancelled
[31m[1mAssertionError[22m: {"status":"rejected","commandId":"cmd-rc-settle-wadmit-888adffaa8aeadabe7bcfadd-unknown-start","code":"forbidden","issues":["Only the current lease owner may settle this generation"]}: expected 'rejected' to be 'committed' // Object.is equality[39m

Expected: [32m"[7mcommit[27mted"[39m
Received: [31m"[7mrejec[27mted"[39m

[36m [2m❯[22m tests/coordination/route-continuity.test.ts:[2m636:53[22m[39m
    [90m634|[39m       reason[33m:[39m [32m"即将调用执行能力"[39m[33m,[39m settledAt[33m:[39m [33mAT[39m[33m,[39m
    [90m635|[39m     }[33m,[39m [32m"unknown-start"[39m))[33m;[39m
    [90m636|[39m     [34mexpect[39m(started[33m.[39mstatus[33m,[39m [33mJSON[39m[33m.[39m[34mstringify[39m(started))[33m.[39m[34mtoBe[39m([32m"committed"[39m)[33m;[39m
    [90m   |[39m                                                     [31m^[39m
    [90m637|[39m
    [90m638|[39m     [35mawait[39m [34mcancelWait[39m(s[33m,[39m waitId)[33m;[39m

[31m[2m⎯⎯⎯⎯⎯⎯⎯⎯⎯⎯⎯⎯⎯⎯⎯⎯⎯⎯⎯⎯⎯⎯⎯⎯[1/3]⎯[22m[39m

[41m[1m FAIL [22m[49m tests/control/dispatch-drive.test.ts[2m > [22mDispatchEngineImpl.drive: outbox-before-side-effect[2m > [22m调用许可未签发 -> 启动前失败用既有 outcome_unknown 收口：Run 有终态、模型从未被调用、旁路失败可见
[31m[1mAssertionError[22m: expected 1 to be +0 // Object.is equality[39m

[32m- Expected[39m
[31m+ Received[39m

[32m- 0[39m
[31m+ 1[39m

[36m [2m❯[22m tests/control/dispatch-drive.test.ts:[2m275:26[22m[39m
    [90m273|[39m     const result = await drive.drive({ reason: "test", maxIntents: 8 }…
    [90m274|[39m     [90m// 未调用执行能力：模型请求数为 0（runtime.start 一次都没被调用）。[39m
    [90m275|[39m     [34mexpect[39m(runtimeCalls)[33m.[39m[34mtoBe[39m([34m0[39m)[33m;[39m
    [90m   |[39m                          [31m^[39m
    [90m276|[39m     // started 计的是 startRun 已提交（outbox 已 started）——被挡住的是**执行能力**，不是 cl…
    [90m277|[39m     [34mexpect[39m(result[33m.[39mstarted)[33m.[39m[34mtoBe[39m([34m1[39m)[33m;[39m

[31m[2m⎯⎯⎯⎯⎯⎯⎯⎯⎯⎯⎯⎯⎯⎯⎯⎯⎯⎯⎯⎯⎯⎯⎯⎯[2/3]⎯[22m[39m

[41m[1m FAIL [22m[49m tests/control/dispatch-drive.test.ts[2m > [22mDispatchEngineImpl.drive: outbox-before-side-effect[2m > [22m许可未签发后收口再被拒 -> 仍然可见（prestart_closure_rejected），不静默
[31m[1mAssertionError[22m: expected [] to include 'permit_not_issued'[39m
[36m [2m❯[22m tests/control/dispatch-drive.test.ts:[2m316:19[22m[39m
    [90m314|[39m     const result = await drive.drive({ reason: "test", maxIntents: 8 }…
    [90m315|[39m     const codes = (result.sideFactFailures ?? []).map((entry) => entry…
    [90m316|[39m     [34mexpect[39m(codes)[33m.[39m[34mtoContain[39m([32m"permit_not_issued"[39m)[33m;[39m
    [90m   |[39m                   [31m^[39m
    [90m317|[39m     [34mexpect[39m(codes)[33m.[39m[34mtoContain[39m([32m"prestart_closure_rejected"[39m)[33m;[39m
    [90m318|[39m   })[33m;[39m

[31m[2m⎯⎯⎯⎯⎯⎯⎯⎯⎯⎯⎯⎯⎯⎯⎯⎯⎯⎯⎯⎯⎯⎯⎯⎯[3/3]⎯[22m[39m


[2m Test Files [22m [1m[31m2 failed[39m[22m[2m | [22m[1m[32m2 passed[39m[22m[90m (4)[39m
[2m      Tests [22m [1m[31m3 failed[39m[22m[2m | [22m[1m[32m20 passed[39m[22m[90m (23)[39m
[2m   Start at [22m 14:31:49
[2m   Duration [22m 30.44s[2m (transform 44.39s, setup 0ms, import 50.44s, tests 16.41s, environment 0ms)[22m

