
 RUN  v4.1.10 /home/hyh001/projects/coding-platform/coding-platform/next

 ❯ tests/work-graph/R3c-task-inputs.test.ts (2 tests | 2 failed) 101ms
   × memory: exact input is current while producer runs; unrelated inputs stay not_checked 16ms
   × sqlite: exact input is current while producer runs; unrelated inputs stay not_checked 84ms
 ❯ tests/composition/R3c-R4b-platform.test.ts (1 test | 1 failed) 176ms
   × wires one durable Goal/Plan/Session graph and reopens the same Kernel Session 175ms
 ❯ tests/work-graph/R3c-task-relations.test.ts (2 tests | 2 failed) 72ms
   × memory: v2 relations and exact inputs survive adoption, replay and reopen without material reads 10ms
   × sqlite: v2 relations and exact inputs survive adoption, replay and reopen without material reads 62ms
 ❯ tests/work-graph/R3c-task-relations-boundaries.test.ts (3 tests | 3 failed) 5ms
   × does not treat an absent canonical task phase as pending 3ms
   × uses one stable Store codec family and explicit Plan content versions 1ms
   × rejects a v1 PlanRevisionSnapshot that carries v2-only fields 0ms
 ❯ tests/work-graph/R3c-task-graph.test.ts (2 tests | 1 failed) 5ms
   × uses current task state without treating a predecessor completion as a candidate gate 3ms

⎯⎯⎯⎯⎯⎯⎯ Failed Tests 9 ⎯⎯⎯⎯⎯⎯⎯

 FAIL  tests/composition/R3c-R4b-platform.test.ts > wires one durable Goal/Plan/Session graph and reopens the same Kernel Session
AssertionError: expected { status: 'rejected', …(2) } to match object { Object (status, value) }
(2 matching properties omitted from actual)

- Expected
+ Received

  {
-   "status": "committed",
-   "value": {
-     "issues": [],
-     "kind": "candidate_v2",
-   },
+   "status": "rejected",
  }

 ❯ tests/composition/R3c-R4b-platform.test.ts:136:22
    134|       reason: { text: 'Initial composed plan', sources: [] },
    135|     } });
    136|     expect(proposed).toMatchObject({ status: 'committed', value: { kin…
       |                      ^
    137|     if (proposed.status !== 'committed') throw Error('Plan proposal fa…
    138|     const applied = await first.plans.applyPlanChange(ctx, { meta: { r…

⎯⎯⎯⎯⎯⎯⎯⎯⎯⎯⎯⎯⎯⎯⎯⎯⎯⎯⎯⎯⎯⎯⎯⎯[1/9]⎯

 FAIL  tests/work-graph/R3c-task-graph.test.ts > uses current task state without treating a predecessor completion as a candidate gate
AssertionError: expected { eligible: false, …(1) } to deeply equal { eligible: true, reasons: [] }

- Expected
+ Received

  {
-   "eligible": true,
-   "reasons": [],
+   "eligible": false,
+   "reasons": [
+     {
+       "code": "deps_unsatisfied",
+       "deps": [
+         {
+           "dependsOnId": "design",
+           "phase": "running",
+           "requires": {
+             "kind": "artifact",
+             "label": "design",
+           },
+         },
+       ],
+       "message": "design:running",
+       "taskId": "implement",
+     },
+   ],
  }

 ❯ tests/work-graph/R3c-task-graph.test.ts:34:66
     32|   // The label is not an exact, verified input. A running design Task …
     33|   // bar unrelated implementation or investigation by itself.
     34|   expect(evaluateEligibility({ ...facts, taskId: 'implement' })).toEqu…
       |                                                                  ^
     35| });
     36|

⎯⎯⎯⎯⎯⎯⎯⎯⎯⎯⎯⎯⎯⎯⎯⎯⎯⎯⎯⎯⎯⎯⎯⎯[2/9]⎯

 FAIL  tests/work-graph/R3c-task-inputs.test.ts > memory: exact input is current while producer runs; unrelated inputs stay not_checked
 FAIL  tests/work-graph/R3c-task-inputs.test.ts > sqlite: exact input is current while producer runs; unrelated inputs stay not_checked
AssertionError: {"status":"rejected","code":"invalid","reason":"record schema PlanProposal@2 rejected the record: PlanProposal is invalid: plan schemaVersion must be 1"}: expected { status: 'rejected', …(2) } to match object { status: 'committed', …(1) }
(2 matching properties omitted from actual)

- Expected
+ Received

  {
-   "status": "committed",
-   "value": {
-     "issues": [],
-   },
+   "status": "rejected",
  }

 ❯ tests/work-graph/R3c-task-inputs.test.ts:188:48
    186|       expected: [{ ref: goal.value.ref, revision: 1 }] }, input: { goa…
    187|       basedOn: null, draft: draft('goal-one', exact, absent, unused), …
    188|     expect(proposed, JSON.stringify(proposed)).toMatchObject({ status:…
       |                                                ^
    189|     if (proposed.status !== 'committed') throw Error('proposal fixture…
    190|     const applied = await plans.applyPlanChange(hostCtx, { meta: { req…

⎯⎯⎯⎯⎯⎯⎯⎯⎯⎯⎯⎯⎯⎯⎯⎯⎯⎯⎯⎯⎯⎯⎯⎯[3/9]⎯

 FAIL  tests/work-graph/R3c-task-relations-boundaries.test.ts > does not treat an absent canonical task phase as pending
AssertionError: expected true to be false // Object.is equality

- Expected
+ Received

- false
+ true

 ❯ tests/work-graph/R3c-task-relations-boundaries.test.ts:82:27
     80|     lease: { status: 'free' },
     81|   });
     82|   expect(result.eligible).toBe(false);
       |                           ^
     83|   expect(result.reasons).toEqual(expect.arrayContaining([
     84|     expect.objectContaining({ code: 'task_state_incomplete', taskId: '…

⎯⎯⎯⎯⎯⎯⎯⎯⎯⎯⎯⎯⎯⎯⎯⎯⎯⎯⎯⎯⎯⎯⎯⎯[4/9]⎯

 FAIL  tests/work-graph/R3c-task-relations-boundaries.test.ts > uses one stable Store codec family and explicit Plan content versions
AssertionError: expected 'invalid' to be 'decoded' // Object.is equality

Expected: "decoded"
Received: "invalid"

 ❯ tests/work-graph/R3c-task-relations-boundaries.test.ts:92:90
     90|   const v2 = snapshotBody(2, { taskRelations: [], inputRequirements: […
     91|   expect(decodePlanRevisionSnapshot(encodedRecord('PlanRevisionSnapsho…
     92|   expect(decodePlanRevisionSnapshot(encodedRecord('PlanRevisionSnapsho…
       |                                                                                          ^
     93|   expect(decodePlanRevisionSnapshot(encodedRecord('PlanRevisionSnapsho…
     94|   expect(decodePlanRevisionSnapshot(encodedRecord('PlanRevisionSnapsho…

⎯⎯⎯⎯⎯⎯⎯⎯⎯⎯⎯⎯⎯⎯⎯⎯⎯⎯⎯⎯⎯⎯⎯⎯[5/9]⎯

 FAIL  tests/work-graph/R3c-task-relations-boundaries.test.ts > rejects a v1 PlanRevisionSnapshot that carries v2-only fields
AssertionError: expected 'decoded' to be 'invalid' // Object.is equality

Expected: "invalid"
Received: "decoded"

 ❯ tests/work-graph/R3c-task-relations-boundaries.test.ts:100:102
     98| it('rejects a v1 PlanRevisionSnapshot that carries v2-only fields', ()…
     99|   const v1WithV2Fields = snapshotBody(1, { taskRelations: [], inputReq…
    100|   expect(decodePlanRevisionSnapshot(encodedRecord('PlanRevisionSnapsho…
       |                                                                                                      ^
    101| });
    102|

⎯⎯⎯⎯⎯⎯⎯⎯⎯⎯⎯⎯⎯⎯⎯⎯⎯⎯⎯⎯⎯⎯⎯⎯[6/9]⎯

 FAIL  tests/work-graph/R3c-task-relations.test.ts > memory: v2 relations and exact inputs survive adoption, replay and reopen without material reads
AssertionError: expected { status: 'rejected', …(2) } to match object { Object (status, value) }
(2 matching properties omitted from actual)

- Expected
+ Received

  {
-   "status": "committed",
-   "value": {
-     "issues": [
-       {
-         "code": "duplicate_requirement_id",
-       },
-     ],
-   },
+   "status": "rejected",
  }

 ❯ tests/work-graph/R3c-task-relations.test.ts:132:25
    130|         input: { goalRef: goal.value.ref, basedOn: null, draft: case_.…
    131|           reason: { text: case_.name, sources: [] } } });
    132|       expect(candidate).toMatchObject({ status: 'committed', value: { …
       |                         ^
    133|       if (candidate.status !== 'committed') throw Error('invalid candi…
    134|       expect(await plans.applyPlanChange(ctx, { meta: { requestId: `ap…

⎯⎯⎯⎯⎯⎯⎯⎯⎯⎯⎯⎯⎯⎯⎯⎯⎯⎯⎯⎯⎯⎯⎯⎯[7/9]⎯

 FAIL  tests/work-graph/R3c-task-relations.test.ts > sqlite: v2 relations and exact inputs survive adoption, replay and reopen without material reads
AssertionError: expected { status: 'rejected', …(2) } to match object { Object (status, value) }
(2 matching properties omitted from actual)

- Expected
+ Received

  {
-   "status": "committed",
-   "value": {
-     "issues": [
-       {
-         "code": "duplicate_requirement_id",
-       },
-     ],
-   },
+   "status": "rejected",
  }

 ❯ tests/work-graph/R3c-task-relations.test.ts:132:25
    130|         input: { goalRef: goal.value.ref, basedOn: null, draft: case_.…
    131|           reason: { text: case_.name, sources: [] } } });
    132|       expect(candidate).toMatchObject({ status: 'committed', value: { …
       |                         ^
    133|       if (candidate.status !== 'committed') throw Error('invalid candi…
    134|       expect(await plans.applyPlanChange(ctx, { meta: { requestId: `ap…

⎯⎯⎯⎯⎯⎯⎯⎯⎯⎯⎯⎯⎯⎯⎯⎯⎯⎯⎯⎯⎯⎯⎯⎯[8/9]⎯


 Test Files  5 failed | 1 passed (6)
      Tests  9 failed | 3 passed (12)
   Start at  20:58:25
   Duration  1.79s (transform 550ms, setup 0ms, import 922ms, tests 397ms, environment 0ms)

