{
  "sourceFiles": 451,
  "inventoryFiles": 452,
  "coverage": {
    "parsedExtensions": [
      ".ts",
      ".tsx",
      ".js"
    ],
    "ownerOnlyExtensions": [
      ".py"
    ],
    "excluded": [
      "dependencies",
      "generated dist",
      ".vite"
    ],
    "notASandboxVerification": true
  },
  "owners": {
    "ArchitectureReconciler": 3,
    "ArtifactVault": 5,
    "ContextCompiler": 33,
    "Contracts": 127,
    "ControlEngine": 79,
    "DispatchEngine": 22,
    "Fixtures": 6,
    "Host": 16,
    "HumanCollaboration": 4,
    "PlanCompiler": 8,
    "ReadModelIndex": 10,
    "StateLedger": 6,
    "Storage": 1,
    "TestDoubles": 2,
    "UI": 75,
    "VerificationEngine": 23,
    "WorkerRuntime": 15,
    "WorkspaceReader": 17
  },
  "moduleEdges": {
    "ControlEngine -> StateLedger": 3,
    "DispatchEngine -> ControlEngine": 3,
    "DispatchEngine -> ContextCompiler": 1,
    "DispatchEngine -> PlanCompiler": 2,
    "PlanCompiler -> ControlEngine": 2,
    "ArtifactVault -> WorkspaceReader": 1,
    "ContextCompiler -> StateLedger": 3,
    "ContextCompiler -> WorkspaceReader": 3,
    "ReadModelIndex -> ControlEngine": 2,
    "WorkerRuntime -> ArtifactVault": 2,
    "WorkerRuntime -> ContextCompiler": 1,
    "WorkerRuntime -> WorkspaceReader": 6
  },
  "issues": []
}
