
 RUN  v4.1.10 /home/hyh001/projects/coding-platform/coding-platform-next

stdout | docs/refactor/reviews/evidence/orchestration-2026-09-28/live/live-harness.ts > common orchestration: repeated yield, derived inquiry, original Session continuation and real engineering result
AG2B isolated workbench: http://127.0.0.1:41877/workbench/ project: /tmp/ag2b-live-Ob8QKd/retry-project

 ❯ docs/refactor/reviews/evidence/orchestration-2026-09-28/live/live-harness.ts (1 test | 1 failed) 68223ms
   × common orchestration: repeated yield, derived inquiry, original Session continuation and real engineering result 68222ms

⎯⎯⎯⎯⎯⎯⎯ Failed Tests 1 ⎯⎯⎯⎯⎯⎯⎯

 FAIL  docs/refactor/reviews/evidence/orchestration-2026-09-28/live/live-harness.ts > common orchestration: repeated yield, derived inquiry, original Session continuation and real engineering result
AssertionError: expected [ { …(5) }, { …(5) }, { …(5) }, …(1) ] to deeply equal []

- Expected
+ Received

- []
+ [
+   {
+     "callId": "call_01_GQarZQFAw0pu7Eg3hRac2881",
+     "classification": "execution_error",
+     "error": {
+       "code": "permission_denied",
+       "message": "请求路径不在允许范围",
+       "retryable": false,
+     },
+     "outputs": [
+       {
+         "kind": "text",
+         "text": "请求路径不在允许范围",
+       },
+     ],
+     "status": "error",
+   },
+   {
+     "callId": "call_01_r2BAFwXCAggM7CmGHDRE8280",
+     "classification": "execution_error",
+     "error": {
+       "code": "permission_denied",
+       "message": "请求路径不在允许范围",
+       "retryable": false,
+     },
+     "outputs": [
+       {
+         "kind": "text",
+         "text": "请求路径不在允许范围",
+       },
+     ],
+     "status": "error",
+   },
+   {
+     "callId": "call_00_IWV8k6MaH3aht7eqZbMj4508",
+     "classification": "execution_error",
+     "error": {
+       "code": "permission_denied",
+       "message": "请求路径不在允许范围",
+       "retryable": false,
+     },
+     "outputs": [
+       {
+         "kind": "text",
+         "text": "请求路径不在允许范围",
+       },
+     ],
+     "status": "error",
+   },
+   {
+     "callId": "call_01_u7mKksiQPKucuv9wOolM4309",
+     "classification": "execution_error",
+     "error": {
+       "code": "permission_denied",
+       "message": "请求路径不在允许范围",
+       "retryable": false,
+     },
+     "outputs": [
+       {
+         "kind": "text",
+         "text": "请求路径不在允许范围",
+       },
+     ],
+     "status": "error",
+   },
+ ]

 ❯ docs/refactor/reviews/evidence/orchestration-2026-09-28/live/live-harness.ts:362:84


⎯⎯⎯⎯⎯⎯⎯⎯⎯⎯⎯⎯⎯⎯⎯⎯⎯⎯⎯⎯⎯⎯⎯⎯[1/1]⎯


 Test Files  1 failed (1)
      Tests  1 failed (1)
   Start at  19:10:34
   Duration  69.54s (transform 854ms, setup 0ms, import 1.23s, tests 68.22s, environment 0ms)

