
 RUN  v4.1.10 /home/hyh001/projects/coding-platform/coding-platform/next

 ❯ tests/app/R6-workbench.test.ts (0 test)

⎯⎯⎯⎯⎯⎯ Failed Suites 1 ⎯⎯⎯⎯⎯⎯⎯

 FAIL  tests/app/R6-workbench.test.ts [ tests/app/R6-workbench.test.ts ]
Error: Transform failed with 1 error:

[31m[PARSE_ERROR] [0mIdentifier `SessionCard` has already been declared
    [38;5;246m╭[0m[38;5;246m─[0m[38;5;246m[[0m tests/app/R6-workbench.test.ts:65:3 [38;5;246m][0m
    [38;5;246m│[0m
 [38;5;246m65 │[0m [38;5;249m [0m[38;5;249m [0mSessionCard[38;5;249m,[0m
 [38;5;240m   │[0m   ─────┬─────  
 [38;5;240m   │[0m        ╰─────── `SessionCard` has already been declared here
 [38;5;240m   │[0m 
 [38;5;246m69 │[0m [38;5;249m [0m[38;5;249m [0mSessionCard[38;5;249m,[0m
 [38;5;240m   │[0m   ─────┬─────  
 [38;5;240m   │[0m        ╰─────── It can not be redeclared here
[38;5;246m────╯[0m

  Plugin: vite:oxc
  File: /home/hyh001/projects/coding-platform/coding-platform/next/tests/app/R6-workbench.test.ts
 ❯ transformWithOxc ../node_modules/.pnpm/vite@8.2.2_@types+node@24.13.3/node_modules/vite/dist/node/chunks/node.js:4103:19
 ❯ TransformPluginContext.transform ../node_modules/.pnpm/vite@8.2.2_@types+node@24.13.3/node_modules/vite/dist/node/chunks/node.js:4174:26
 ❯ EnvironmentPluginContainer.transform ../node_modules/.pnpm/vite@8.2.2_@types+node@24.13.3/node_modules/vite/dist/node/chunks/node.js:30932:51
 ❯ loadAndTransform ../node_modules/.pnpm/vite@8.2.2_@types+node@24.13.3/node_modules/vite/dist/node/chunks/node.js:20671:26

⎯⎯⎯⎯⎯⎯⎯⎯⎯⎯⎯⎯⎯⎯⎯⎯⎯⎯⎯⎯⎯⎯⎯⎯[1/1]⎯


 Test Files  1 failed | 1 passed (2)
      Tests  8 passed (8)
   Start at  22:01:18
   Duration  2.81s (transform 827ms, setup 0ms, import 1.20s, tests 1.43s, environment 0ms)

