
 RUN  v4.1.10 /home/hyh001/projects/coding-platform/coding-platform/next

 ❯ tests/work-graph/W2-future-intent.test.ts (10 tests | 3 failed) 102ms
   × initial 'optional'/'active' plan_only saves but cannot be claimed 10ms
   × initial 'required'/'deferred' plan_only saves but cannot be claimed 6ms
   × initial required plan_only saves without assignment/acceptance/gate and survives a SQLite reopen 24ms

⎯⎯⎯⎯⎯⎯⎯ Failed Tests 3 ⎯⎯⎯⎯⎯⎯⎯

 FAIL  tests/work-graph/W2-future-intent.test.ts > initial 'optional'/'active' plan_only saves but cannot be claimed
 FAIL  tests/work-graph/W2-future-intent.test.ts > initial 'required'/'deferred' plan_only saves but cannot be claimed
AssertionError: {"status":"rejected","code":"incomplete","reason":"the initial plan is not admissible: tasks: at least one required executable task (required+work+active) is required"}: expected { status: 'rejected', …(2) } to match object { status: 'committed' }
(2 matching properties omitted from actual)

- Expected
+ Received

  {
-   "status": "committed",
+   "status": "rejected",
  }

 ❯ tests/work-graph/W2-future-intent.test.ts:177:46
    175|     const applied = await proposeAndApply(f, goalRef, null,
    176|       initialDraft(goalRef.goalId, 'w2-intent-shape-plan', 1, [task]),…
    177|     expect(applied, JSON.stringify(applied)).toMatchObject({ status: '…
       |                                              ^
    178|     if (applied.status !== 'committed') throw new Error('explicit inte…
    179|

⎯⎯⎯⎯⎯⎯⎯⎯⎯⎯⎯⎯⎯⎯⎯⎯⎯⎯⎯⎯⎯⎯⎯⎯[1/3]⎯

 FAIL  tests/work-graph/W2-future-intent.test.ts > initial required plan_only saves without assignment/acceptance/gate and survives a SQLite reopen
AssertionError: {"status":"rejected","code":"incomplete","reason":"the future plan is not admissible: tasks: at least one required executable task (required+work+active) is required"}: expected { status: 'rejected', …(2) } to match object { status: 'committed' }
(2 matching properties omitted from actual)

- Expected
+ Received

  {
-   "status": "committed",
+   "status": "rejected",
  }

 ❯ tests/work-graph/W2-future-intent.test.ts:266:48
    264|         ...draft, tasks: draft.tasks.map((task) => ({ ...task, disposi…
    265|       })), 'w2-intent-defer');
    266|     expect(deferred, JSON.stringify(deferred)).toMatchObject({ status:…
       |                                                ^
    267|     if (deferred.status !== 'committed') throw new Error('the sole int…
    268|     const deferredGraph = await f.plans.queryTaskGraph(f.ctx, { goalRe…

⎯⎯⎯⎯⎯⎯⎯⎯⎯⎯⎯⎯⎯⎯⎯⎯⎯⎯⎯⎯⎯⎯⎯⎯[2/3]⎯


 Test Files  1 failed | 1 passed (2)
      Tests  3 failed | 9 passed (12)
   Start at  11:35:22
   Duration  1.56s (transform 749ms, setup 0ms, import 1.26s, tests 139ms, environment 0ms)

