{
  "mode": "check",
  "sources": [
    {
      "path": "vendor/coding-agent/patches/storage/adapters/sqlite/sqlite-stores.ts",
      "sha256": "4c552b0ecbaecdd5db514697fe39019c5899e51589a8caa8a950c9b4bebe16b6"
    },
    {
      "path": "vendor/coding-agent/patches/public-api.ts",
      "sha256": "f876ccda6afefe3645e20987fd8006375bfbaae6096ae12a0f5ce6791e711bea"
    },
    {
      "path": "vendor/coding-agent/patches/app/composition/control-hooks.ts",
      "sha256": "de8bbc1aa688a99718f02710458a80882acd920499aa86edbd7e35c984b6999b"
    }
  ],
  "typeScript": "6.0.3",
  "artifacts": [
    {
      "path": "storage/adapters/sqlite/sqlite-stores.js",
      "sha256": "a52fef11ca8d6b24c84034b5ef25bd895638d9c453f59cad90e909ffd573ef76",
      "currentSha256": "a52fef11ca8d6b24c84034b5ef25bd895638d9c453f59cad90e909ffd573ef76",
      "matches": true
    },
    {
      "path": "storage/adapters/sqlite/sqlite-stores.js.map",
      "sha256": "651abb806baca8a32a6f285fc6ced6fc2f1fc1460b80dc51e83efb2c84231111",
      "currentSha256": "651abb806baca8a32a6f285fc6ced6fc2f1fc1460b80dc51e83efb2c84231111",
      "matches": true
    },
    {
      "path": "storage/adapters/sqlite/sqlite-stores.d.ts",
      "sha256": "80be7f2b88f5578ed0a24d59014e49e5a124777f7926a0b46182d86f3ca9e8f3",
      "currentSha256": "80be7f2b88f5578ed0a24d59014e49e5a124777f7926a0b46182d86f3ca9e8f3",
      "matches": true
    },
    {
      "path": "storage/adapters/sqlite/sqlite-stores.d.ts.map",
      "sha256": "08e758e735d8d98b0a6b56f540bfbd7b7dd61bd585f21be5bf6cfa06b5e54102",
      "currentSha256": "08e758e735d8d98b0a6b56f540bfbd7b7dd61bd585f21be5bf6cfa06b5e54102",
      "matches": true
    },
    {
      "path": "public-api.js",
      "sha256": "a055c2080bd40f557f5e2aea403e2ddd4044db0955a986ca46d12243c561bdb4",
      "currentSha256": "a055c2080bd40f557f5e2aea403e2ddd4044db0955a986ca46d12243c561bdb4",
      "matches": true
    },
    {
      "path": "public-api.js.map",
      "sha256": "aefd5c0c582ebbbbfce062bcd1c399749c4d2f8f90568b863e32d327283b5778",
      "currentSha256": "aefd5c0c582ebbbbfce062bcd1c399749c4d2f8f90568b863e32d327283b5778",
      "matches": true
    },
    {
      "path": "public-api.d.ts",
      "sha256": "07e4d2563f8d33060d185351fffe52434e540d49c6ae319f4e14863642ffceef",
      "currentSha256": "07e4d2563f8d33060d185351fffe52434e540d49c6ae319f4e14863642ffceef",
      "matches": true
    },
    {
      "path": "public-api.d.ts.map",
      "sha256": "0035099e06950fdda3fef8719c314abe6a0293ac3270d39f8193f90f745dcf88",
      "currentSha256": "0035099e06950fdda3fef8719c314abe6a0293ac3270d39f8193f90f745dcf88",
      "matches": true
    },
    {
      "path": "app/composition/control-hooks.js",
      "sha256": "f4b3450871e2b9c8a1ee5ced6e4d63d11b7fb3200a483d4d68b95d703e290a1a",
      "currentSha256": "f4b3450871e2b9c8a1ee5ced6e4d63d11b7fb3200a483d4d68b95d703e290a1a",
      "matches": true
    },
    {
      "path": "app/composition/control-hooks.js.map",
      "sha256": "9e46efd8b51c31d11e4fc081a6ce4c54377e36ccf3ed84986acd2b35024458c5",
      "currentSha256": "9e46efd8b51c31d11e4fc081a6ce4c54377e36ccf3ed84986acd2b35024458c5",
      "matches": true
    },
    {
      "path": "app/composition/control-hooks.d.ts",
      "sha256": "112e0beecc2ab9002a5f83ccb5ffbc51b484cd1778e717e8f9047f0f804ef1e5",
      "currentSha256": "112e0beecc2ab9002a5f83ccb5ffbc51b484cd1778e717e8f9047f0f804ef1e5",
      "matches": true
    },
    {
      "path": "app/composition/control-hooks.d.ts.map",
      "sha256": "83ce956c4892d3780ca513502321b1b93b84475298d89d0b54905c11a5e2c285",
      "currentSha256": "83ce956c4892d3780ca513502321b1b93b84475298d89d0b54905c11a5e2c285",
      "matches": true
    }
  ]
}
Workflow: directory=true, sourceFiles=4
WorkGraph: directory=true, sourceFiles=62
AgentRuntime: directory=true, sourceFiles=24
WorkspaceTools: directory=true, sourceFiles=27
RecordStore: directory=true, sourceFiles=13
observed module edges: 6/8 allowed (AgentRuntime -> RecordStore, AgentRuntime -> WorkGraph, AgentRuntime -> WorkspaceTools, WorkGraph -> RecordStore, WorkGraph -> WorkspaceTools, Workflow -> WorkGraph)
next source boundaries: OK

 RUN  v4.1.10 /tmp/coding-platform-next-OW5Pn0/next


 Test Files  99 passed (99)
      Tests  975 passed (975)
   Start at  11:39:31
   Duration  139.36s (transform 1.54s, setup 0ms, import 16.71s, tests 115.25s, environment 6ms)

next isolated copy: typecheck, build and tests passed
