
[1m[30m[46m RUN [49m[39m[22m [36mv4.1.10 [39m[90m/mnt/d/1.project/Software/agent_platform[39m

 [31m❯[39m tests/verification/feedback-renewal.test.ts [2m([22m[2m0 test[22m[2m)[22m
 [32m✓[39m tests/verification/feedback-investigation-authority.test.ts [2m([22m[2m3 tests[22m[2m)[22m[32m 3[2mms[22m[39m

[31m⎯⎯⎯⎯⎯⎯[39m[1m[41m Failed Suites 1 [49m[22m[31m⎯⎯⎯⎯⎯⎯⎯[39m

[41m[1m FAIL [22m[49m tests/verification/feedback-renewal.test.ts[2m [ tests/verification/feedback-renewal.test.ts ][22m
[31m[1mError[22m: Transform failed with 1 error:

[31m[PARSE_ERROR] [0mExpected `,` or `}` but found `)`
 - `,` or `}` expected in tests/verification/feedback-renewal.test.ts at 1384..1385
 - Opened here in tests/verification/feedback-renewal.test.ts at 837..838
[39m
  Plugin: [35mvite:oxc[39m
  File: [36m/mnt/d/1.project/Software/agent_platform/tests/verification/feedback-renewal.test.ts[39m
[90m [2m❯[22m transformWithOxc .local/linux-test-tools/node_modules/vite/dist/node/chunks/node.js:[2m4103:19[22m[39m
[90m [2m❯[22m TransformPluginContext.transform .local/linux-test-tools/node_modules/vite/dist/node/chunks/node.js:[2m4174:26[22m[39m
[90m [2m❯[22m EnvironmentPluginContainer.transform .local/linux-test-tools/node_modules/vite/dist/node/chunks/node.js:[2m30932:51[22m[39m
[90m [2m❯[22m loadAndTransform .local/linux-test-tools/node_modules/vite/dist/node/chunks/node.js:[2m20671:26[22m[39m

[31m[2m⎯⎯⎯⎯⎯⎯⎯⎯⎯⎯⎯⎯⎯⎯⎯⎯⎯⎯⎯⎯⎯⎯⎯⎯[1/1]⎯[22m[39m


[2m Test Files [22m [1m[31m1 failed[39m[22m[2m | [22m[1m[32m1 passed[39m[22m[90m (2)[39m
[2m      Tests [22m [1m[32m3 passed[39m[22m[90m (3)[39m
[2m   Start at [22m 20:39:01
[2m   Duration [22m 1.73s[2m (transform 186ms, setup 0ms, import 420ms, tests 3ms, environment 0ms)[22m

