FAIL  current Markdown local links resolve (59)
  - dev_docs/evaluation/2026-09-07-coding-agent-benchmarks.md: missing local link target /home/han001/projects/agents/coding-agent/benchmarks/tasks/README.md (resolved as ../../../../../home/han001/projects/agents/coding-agent/benchmarks/tasks/README.md)
  - dev_docs/evaluation/2026-09-07-coding-agent-benchmarks.md: missing local link target /home/han001/projects/agents/coding-agent/benchmarks/README.md (resolved as ../../../../../home/han001/projects/agents/coding-agent/benchmarks/README.md)
  - dev_docs/evaluation/2026-09-07-coding-agent-benchmarks.md: missing local link target /home/han001/projects/agents/coding-agent/benchmarks/harness/README.md (resolved as ../../../../../home/han001/projects/agents/coding-agent/benchmarks/harness/README.md)
  - dev_docs/evaluation/2026-09-07-exploration-acceptance.md: missing local link target /mnt/d/1.project/Software/agent_platform/src/app/service.ts (resolved as ../../../../../mnt/d/1.project/Software/agent_platform/src/app/service.ts)
  - dev_docs/evaluation/2026-09-07-exploration-acceptance.md: missing local link target /mnt/d/1.project/Software/agent_platform/src/data/context-compiler/planning-context-compiler.ts (resolved as ../../../../../mnt/d/1.project/Software/agent_platform/src/data/context-compiler/planning-context-compiler.ts)
  - dev_docs/evaluation/2026-09-07-exploration-acceptance.md: missing local link target /mnt/d/1.project/Software/agent_platform/src/data/context-compiler/query-context-compiler.ts (resolved as ../../../../../mnt/d/1.project/Software/agent_platform/src/data/context-compiler/query-context-compiler.ts)
  - dev_docs/evaluation/2026-09-07-exploration-acceptance.md: missing local link target /mnt/d/1.project/Software/agent_platform/src/data/workspace-reader/workspace-reader-adapter.ts (resolved as ../../../../../mnt/d/1.project/Software/agent_platform/src/data/workspace-reader/workspace-reader-adapter.ts)
  - dev_docs/evaluation/2026-09-07-exploration-acceptance.md: missing local link target /mnt/d/1.project/Software/agent_platform/src/control/dispatch-engine/dispatch-engine.ts (resolved as ../../../../../mnt/d/1.project/Software/agent_platform/src/control/dispatch-engine/dispatch-engine.ts)
  - dev_docs/evaluation/2026-09-07-exploration-acceptance.md: missing local link target /home/han001/projects/agents/agent_platform/tests/integration/p1-15-role-e2e.integration.test.ts (resolved as ../../../../../home/han001/projects/agents/agent_platform/tests/integration/p1-15-role-e2e.integration.test.ts)
  - dev_docs/evaluation/2026-09-07-exploration-acceptance.md: missing local link target /home/han001/projects/agents/agent_platform/.local/evaluation/2026-09-07-canary-oracle/summary.json (resolved as ../../../../../home/han001/projects/agents/agent_platform/.local/evaluation/2026-09-07-canary-oracle/summary.json)
  - dev_docs/verification/2026-09-09-core-verification/reviewer-continuation.md: missing local link target /mnt/d/1.project/Software/agent_platform/src/contracts/verification-round.ts#L44 (resolved as ../../../../../mnt/d/1.project/Software/agent_platform/src/contracts/verification-round.ts)
  - dev_docs/verification/2026-09-09-core-verification/reviewer-continuation.md: missing local link target /mnt/d/1.project/Software/agent_platform/src/contracts/verification-service.ts#L98 (resolved as ../../../../../mnt/d/1.project/Software/agent_platform/src/contracts/verification-service.ts)
  - dev_docs/verification/2026-09-09-core-verification/reviewer-continuation.md: missing local link target /mnt/d/1.project/Software/agent_platform/src/control/verification-engine/verification-rounds.ts#L283 (resolved as ../../../../../mnt/d/1.project/Software/agent_platform/src/control/verification-engine/verification-rounds.ts)
  - dev_docs/verification/2026-09-09-core-verification/reviewer-continuation.md: missing local link target /mnt/d/1.project/Software/agent_platform/src/data/context-compiler/verification-context.ts#L56 (resolved as ../../../../../mnt/d/1.project/Software/agent_platform/src/data/context-compiler/verification-context.ts)
  - dev_docs/verification/2026-09-09-core-verification/reviewer-continuation.md: missing local link target /mnt/d/1.project/Software/agent_platform/src/contracts/review-context.ts#L39 (resolved as ../../../../../mnt/d/1.project/Software/agent_platform/src/contracts/review-context.ts)
  - dev_docs/verification/2026-09-09-core-verification/reviewer-continuation.md: missing local link target /mnt/d/1.project/Software/agent_platform/src/data/context-compiler/review-context-compiler.ts#L54 (resolved as ../../../../../mnt/d/1.project/Software/agent_platform/src/data/context-compiler/review-context-compiler.ts)
  - dev_docs/verification/2026-09-09-core-verification/reviewer-continuation.md: missing local link target /mnt/d/1.project/Software/agent_platform/src/contracts/dispatch.ts#L100 (resolved as ../../../../../mnt/d/1.project/Software/agent_platform/src/contracts/dispatch.ts)
  - dev_docs/verification/2026-09-09-core-verification/reviewer-continuation.md: missing local link target /mnt/d/1.project/Software/agent_platform/src/contracts/task-envelope.ts#L25 (resolved as ../../../../../mnt/d/1.project/Software/agent_platform/src/contracts/task-envelope.ts)
  - dev_docs/verification/2026-09-09-core-verification/reviewer-continuation.md: missing local link target /mnt/d/1.project/Software/agent_platform/src/control/dispatch-engine/dispatch-engine.ts#L46 (resolved as ../../../../../mnt/d/1.project/Software/agent_platform/src/control/dispatch-engine/dispatch-engine.ts)
  - dev_docs/verification/2026-09-09-core-verification/reviewer-continuation.md: missing local link target /mnt/d/1.project/Software/agent_platform/src/control/dispatch-engine/runtime-dispatch.ts#L10 (resolved as ../../../../../mnt/d/1.project/Software/agent_platform/src/control/dispatch-engine/runtime-dispatch.ts)
  - dev_docs/verification/2026-09-09-core-verification/reviewer-continuation.md: missing local link target /mnt/d/1.project/Software/agent_platform/src/control/dispatch-engine/leased-worker-runtime.ts#L22 (resolved as ../../../../../mnt/d/1.project/Software/agent_platform/src/control/dispatch-engine/leased-worker-runtime.ts)
  - dev_docs/verification/2026-09-09-core-verification/reviewer-continuation.md: missing local link target /mnt/d/1.project/Software/agent_platform/src/execution/worker-runtime/observed-model-run.ts#L20 (resolved as ../../../../../mnt/d/1.project/Software/agent_platform/src/execution/worker-runtime/observed-model-run.ts)
  - dev_docs/verification/2026-09-09-core-verification/reviewer-continuation.md: missing local link target /mnt/d/1.project/Software/agent_platform/src/contracts/material-access.ts#L66 (resolved as ../../../../../mnt/d/1.project/Software/agent_platform/src/contracts/material-access.ts)
  - dev_docs/verification/2026-09-09-core-verification/reviewer-continuation.md: missing local link target /mnt/d/1.project/Software/agent_platform/src/data/artifact-vault/artifact-vault.ts#L121 (resolved as ../../../../../mnt/d/1.project/Software/agent_platform/src/data/artifact-vault/artifact-vault.ts)
  - dev_docs/verification/2026-09-09-core-verification/reviewer-continuation.md: missing local link target /mnt/d/1.project/Software/agent_platform/src/data/artifact-vault/material-access-policy.ts#L9 (resolved as ../../../../../mnt/d/1.project/Software/agent_platform/src/data/artifact-vault/material-access-policy.ts)
  - dev_docs/verification/2026-09-09-core-verification/reviewer-continuation.md: missing local link target /mnt/d/1.project/Software/agent_platform/src/control/dispatch-engine/exploration-context-drive.ts#L13 (resolved as ../../../../../mnt/d/1.project/Software/agent_platform/src/control/dispatch-engine/exploration-context-drive.ts)
  - dev_docs/verification/2026-09-09-core-verification/reviewer-continuation.md: missing local link target /mnt/d/1.project/Software/agent_platform/src/control/control-engine/evidence-intake.ts#L42 (resolved as ../../../../../mnt/d/1.project/Software/agent_platform/src/control/control-engine/evidence-intake.ts)
  - dev_docs/verification/2026-09-09-core-verification/reviewer-continuation.md: missing local link target /mnt/d/1.project/Software/agent_platform/src/contracts/evidence.ts#L94 (resolved as ../../../../../mnt/d/1.project/Software/agent_platform/src/contracts/evidence.ts)
  - dev_docs/verification/2026-09-09-core-verification/reviewer-continuation.md: missing local link target /mnt/d/1.project/Software/agent_platform/src/contracts/context-continuity.ts#L17 (resolved as ../../../../../mnt/d/1.project/Software/agent_platform/src/contracts/context-continuity.ts)
  - dev_docs/verification/2026-09-09-core-verification/reviewer-continuation.md: missing local link target /mnt/d/1.project/Software/agent_platform/src/control/control-engine/work-record.ts#L44 (resolved as ../../../../../mnt/d/1.project/Software/agent_platform/src/control/control-engine/work-record.ts)
  - dev_docs/verification/2026-09-09-core-verification/reviewer-continuation.md: missing local link target /mnt/d/1.project/Software/agent_platform/src/control/plan-compiler/operator-plan-compiler.ts#L83 (resolved as ../../../../../mnt/d/1.project/Software/agent_platform/src/control/plan-compiler/operator-plan-compiler.ts)
  - dev_docs/verification/2026-09-09-core-verification/reviewer-continuation.md: missing local link target /mnt/d/1.project/Software/agent_platform/src/control/control-engine/claim.ts#L79 (resolved as ../../../../../mnt/d/1.project/Software/agent_platform/src/control/control-engine/claim.ts)
  - dev_docs/verification/2026-09-09-core-verification/reviewer-continuation.md: missing local link target /mnt/d/1.project/Software/agent_platform/src/control/control-engine/dispatch-facts.ts#L31 (resolved as ../../../../../mnt/d/1.project/Software/agent_platform/src/control/control-engine/dispatch-facts.ts)
  - dev_docs/verification/2026-09-09-core-verification/reviewer-continuation.md: missing local link target /mnt/d/1.project/Software/agent_platform/src/control/control-engine/policies/task-eligibility.ts#L60 (resolved as ../../../../../mnt/d/1.project/Software/agent_platform/src/control/control-engine/policies/task-eligibility.ts)
  - dev_docs/verification/2026-09-09-core-verification/reviewer-continuation.md: missing local link target /mnt/d/1.project/Software/agent_platform/src/control/control-engine/policies/replacement-eligibility.ts#L47 (resolved as ../../../../../mnt/d/1.project/Software/agent_platform/src/control/control-engine/policies/replacement-eligibility.ts)
  - dev_docs/verification/2026-09-09-core-verification/reviewer-continuation.md: missing local link target /mnt/d/1.project/Software/agent_platform/src/data/context-compiler/runtime-context.ts#L49 (resolved as ../../../../../mnt/d/1.project/Software/agent_platform/src/data/context-compiler/runtime-context.ts)
  - dev_docs/verification/2026-09-09-core-verification/reviewer-continuation.md: missing local link target /mnt/d/1.project/Software/agent_platform/src/data/workspace-reader/exploration-source.ts#L68 (resolved as ../../../../../mnt/d/1.project/Software/agent_platform/src/data/workspace-reader/exploration-source.ts)
  - dev_docs/verification/2026-09-09-core-verification/reviewer-continuation.md: missing local link target /mnt/d/1.project/Software/agent_platform/src/contracts/runtime-preparation.ts#L5 (resolved as ../../../../../mnt/d/1.project/Software/agent_platform/src/contracts/runtime-preparation.ts)
  - dev_docs/verification/2026-09-09-core-verification/reviewer-continuation.md: missing local link target /mnt/d/1.project/Software/agent_platform/src/execution/worker-runtime/coding-agent-runtime.ts#L92 (resolved as ../../../../../mnt/d/1.project/Software/agent_platform/src/execution/worker-runtime/coding-agent-runtime.ts)
  - dev_docs/verification/2026-09-09-core-verification/reviewer-continuation.md: missing local link target /mnt/d/1.project/Software/agent_platform/src/app/service.ts#L83 (resolved as ../../../../../mnt/d/1.project/Software/agent_platform/src/app/service.ts)
  - dev_docs/verification/2026-09-09-core-verification/reviewer-continuation.md: missing local link target /mnt/d/1.project/Software/agent_platform/src/contracts/validation/evidence.ts#L114 (resolved as ../../../../../mnt/d/1.project/Software/agent_platform/src/contracts/validation/evidence.ts)
  - dev_docs/verification/2026-09-09-core-verification/reviewer-continuation.md: missing local link target /mnt/d/1.project/Software/agent_platform/src/control/control-engine/evidence-intake.ts#L78 (resolved as ../../../../../mnt/d/1.project/Software/agent_platform/src/control/control-engine/evidence-intake.ts)
  - dev_docs/verification/2026-09-09-core-verification/reviewer-continuation.md: missing local link target /mnt/d/1.project/Software/agent_platform/src/data/state-ledger/ledger-validation.ts#L628 (resolved as ../../../../../mnt/d/1.project/Software/agent_platform/src/data/state-ledger/ledger-validation.ts)
  - dev_docs/verification/2026-09-09-core-verification/reviewer-continuation.md: missing local link target /mnt/d/1.project/Software/agent_platform/src/contracts/remediation.ts#L101 (resolved as ../../../../../mnt/d/1.project/Software/agent_platform/src/contracts/remediation.ts)
  - dev_docs/verification/2026-09-09-core-verification/reviewer-continuation.md: missing local link target /mnt/d/1.project/Software/agent_platform/src/control/control-engine/remediation.ts#L322 (resolved as ../../../../../mnt/d/1.project/Software/agent_platform/src/control/control-engine/remediation.ts)
  - dev_docs/verification/2026-09-09-core-verification/reviewer-continuation.md: missing local link target /mnt/d/1.project/Software/agent_platform/src/control/control-engine/goal-change.ts#L211 (resolved as ../../../../../mnt/d/1.project/Software/agent_platform/src/control/control-engine/goal-change.ts)
  - dev_docs/verification/2026-09-09-core-verification/reviewer-continuation.md: missing local link target /mnt/d/1.project/Software/agent_platform/src/control/control-engine/policies/evidence.ts#L42 (resolved as ../../../../../mnt/d/1.project/Software/agent_platform/src/control/control-engine/policies/evidence.ts)
  - dev_docs/verification/2026-09-09-core-verification/reviewer-continuation.md: missing local link target /mnt/d/1.project/Software/agent_platform/src/control/control-engine/task-reducer.ts#L79 (resolved as ../../../../../mnt/d/1.project/Software/agent_platform/src/control/control-engine/task-reducer.ts)
  - dev_docs/verification/2026-09-09-core-verification/reviewer-continuation.md: missing local link target /mnt/d/1.project/Software/agent_platform/src/contracts/human-role-collaboration.ts#L87 (resolved as ../../../../../mnt/d/1.project/Software/agent_platform/src/contracts/human-role-collaboration.ts)
  - dev_docs/verification/2026-09-09-core-verification/reviewer-continuation.md: missing local link target /mnt/d/1.project/Software/agent_platform/tests/control/p1-15-role-rework-loop.test.ts#L144 (resolved as ../../../../../mnt/d/1.project/Software/agent_platform/tests/control/p1-15-role-rework-loop.test.ts)
  - dev_docs/verification/2026-09-09-core-verification/reviewer-continuation.md: missing local link target /mnt/d/1.project/Software/agent_platform/src/contracts/runtime-budget.ts#L1 (resolved as ../../../../../mnt/d/1.project/Software/agent_platform/src/contracts/runtime-budget.ts)
  - dev_docs/verification/2026-09-09-core-verification/reviewer-continuation.md: missing local link target /mnt/d/1.project/Software/agent_platform/tests/app/verification-rounds.test.ts#L26 (resolved as ../../../../../mnt/d/1.project/Software/agent_platform/tests/app/verification-rounds.test.ts)
  - dev_docs/verification/2026-09-09-core-verification/reviewer-continuation.md: missing local link target /mnt/d/1.project/Software/agent_platform/tests/context/verification-round-context.test.ts#L53 (resolved as ../../../../../mnt/d/1.project/Software/agent_platform/tests/context/verification-round-context.test.ts)
  - dev_docs/verification/2026-09-09-core-verification/reviewer-continuation.md: missing local link target /mnt/d/1.project/Software/agent_platform/tests/verification/verification-rounds.test.ts#L137 (resolved as ../../../../../mnt/d/1.project/Software/agent_platform/tests/verification/verification-rounds.test.ts)
  - dev_docs/verification/2026-09-09-core-verification/reviewer-continuation.md: missing local link target /mnt/d/1.project/Software/agent_platform/tests/restart/material-access-restart.test.ts (resolved as ../../../../../mnt/d/1.project/Software/agent_platform/tests/restart/material-access-restart.test.ts)
  - dev_docs/verification/2026-09-09-core-verification/reviewer-continuation.md: missing local link target /mnt/d/1.project/Software/agent_platform/src/ui/tests/verification-rounds.spec.ts (resolved as ../../../../../mnt/d/1.project/Software/agent_platform/src/ui/tests/verification-rounds.spec.ts)
  - dev_docs/verification/2026-09-09-core-verification/reviewer-continuation.md: missing local link target /mnt/d/1.project/Software/agent_platform/tests/context/review-context-compiler.test.ts#L49 (resolved as ../../../../../mnt/d/1.project/Software/agent_platform/tests/context/review-context-compiler.test.ts)
  - dev_docs/verification/2026-09-09-core-verification/reviewer-continuation.md: missing local link target /mnt/d/1.project/Software/agent_platform/tests/contract-suite/evidence.contract.suite.ts#L303 (resolved as ../../../../../mnt/d/1.project/Software/agent_platform/tests/contract-suite/evidence.contract.suite.ts)
  - dev_docs/verification/2026-09-09-core-verification/reviewer-verification-design.md: missing local link target /mnt/d/1.project/Software/agent_platform/src/control/verification-engine/verification-rounds.ts (resolved as ../../../../../mnt/d/1.project/Software/agent_platform/src/control/verification-engine/verification-rounds.ts)
PASS  route stubs are superseded and route-only
PASS  P0 and P1 document status guards hold
PASS  Architecture ModuleDependencyDAG is parseable and acyclic
PASS  P1 ticket metadata matches an acyclic Mermaid DAG
PASS  P1 artifact provenance is closed and outputs are unique
PASS  release_gates and mvp_waits_for are aligned
PASS  P0-01 archive payload SHA-256 digests match
PASS  completed P0-01..05 tickets have resolvable evidence_refs
PASS  no patch backup artifacts remain
PASS  module registry routes cover dependency graph
PASS  G3 requires the complete role collaboration slice
PASS  Context continuity and completed-work inheritance gate coverage

Documentation validation: 12/13 checks passed.
Found 59 issues across 1 failed check.
