
[1m[30m[46m RUN [49m[39m[22m [36mv4.1.10 [39m[90m/mnt/d/1.project/Software/agent_platform[39m

 [32m✓[39m tests/verification/feedback-investigation-authority.test.ts [2m([22m[2m4 tests[22m[2m)[22m[32m 4[2mms[22m[39m
 [31m❯[39m tests/verification/feedback-renewal.test.ts [2m([22m[2m8 tests[22m[2m | [22m[31m1 failed[39m[2m)[22m[32m 11[2mms[22m[39m
   [32m✓[39m blocks a successor while the persisted replacement investigation is pending[32m 3[2mms[22m[39m
   [32m✓[39m uses the witnessed replacement without deleting its stale ancestor[32m 2[2mms[22m[39m
   [32m✓[39m cannot suppress an unrelated run investigation with a forged replacement link[32m 0[2mms[22m[39m
   [32m✓[39m keeps a current replacement requiring human decision blocked[32m 0[2mms[22m[39m
   [32m✓[39m checks answered query source and pending source pin against actual current identity[32m 0[2mms[22m[39m
   [32m✓[39m renews on a new plan only through the exact persisted same-run predecessor and preserves report ownership[32m 1[2mms[22m[39m
   [32m✓[39m keeps malformed failure coordination local to its investigation[32m 0[2mms[22m[39m
[31m   [31m×[31m allows a persisted decision successor to replace the old needs_decision answer while retaining its record[39m[32m 3[2mms[22m[39m
 [31m❯[39m tests/app/semantic-collaboration.test.ts [2m([22m[2m3 tests[22m[2m | [22m[31m1 failed[39m[2m)[22m[33m 151645[2mms[22m[39m
   [33m[2m✓[22m[39m real HTTP/SQLite/kernel task investigates material and FAIL, repairs from sourced coordination, admits required independent review and replays settled records [33m 15756[2mms[22m[39m
   [33m[2m✓[22m[39m the same repaired task remains unsatisfied when tools pass but its required independent Reviewer returns FAIL [33m 15884[2mms[22m[39m
[31m   [31m×[31m a human selects an exact published clarification after FAIL, replays that decision and returns through sourced repair and required independent review[39m[33m 120003[2mms[22m[39m

[31m⎯⎯⎯⎯⎯⎯⎯[39m[1m[41m Failed Tests 2 [49m[22m[31m⎯⎯⎯⎯⎯⎯⎯[39m

[41m[1m FAIL [22m[49m tests/app/semantic-collaboration.test.ts[2m > [22ma human selects an exact published clarification after FAIL, replays that decision and returns through sourced repair and required independent review
[31m[1mError[22m: Test timed out in 120000ms.
If this is a long-running test, pass a timeout value as the last argument or configure it globally with "testTimeout".[39m
[36m [2m❯[22m tests/app/semantic-collaboration.test.ts:[2m9:1[22m[39m


[31m[2m⎯⎯⎯⎯⎯⎯⎯⎯⎯⎯⎯⎯⎯⎯⎯⎯⎯⎯⎯⎯⎯⎯⎯⎯[1/2]⎯[22m[39m

[41m[1m FAIL [22m[49m tests/verification/feedback-renewal.test.ts[2m > [22mallows a persisted decision successor to replace the old needs_decision answer while retaining its record
[31m[1mError[22m: Directed human decision unavailable[39m
[36m [2m❯[22m FeedbackMaterialCompiler.select src/data/context-compiler/feedback-materials.ts:[2m102:87[22m[39m

[90m [2m❯[22m tests/verification/feedback-renewal.test.ts:[2m72:16[22m[39m

[31m[2m⎯⎯⎯⎯⎯⎯⎯⎯⎯⎯⎯⎯⎯⎯⎯⎯⎯⎯⎯⎯⎯⎯⎯⎯[2/2]⎯[22m[39m


[2m Test Files [22m [1m[31m2 failed[39m[22m[2m | [22m[1m[32m1 passed[39m[22m[90m (3)[39m
[2m      Tests [22m [1m[31m2 failed[39m[22m[2m | [22m[1m[32m13 passed[39m[22m[90m (15)[39m
[2m   Start at [22m 20:51:57
[2m   Duration [22m 180.67s[2m (transform 20.38s, setup 0ms, import 27.79s, tests 151.66s, environment 0ms)[22m

