
 RUN  v4.1.10 /home/hyh001/projects/coding-platform/coding-platform-next

stdout | docs/refactor/reviews/evidence/orchestration-2026-09-28/live/live-harness.ts > common orchestration: repeated yield, derived inquiry, original Session continuation and real engineering result
AG2B isolated workbench: http://127.0.0.1:35819/workbench/ project: /tmp/ag2b-live-VBSTdD/retry-project

 ❯ docs/refactor/reviews/evidence/orchestration-2026-09-28/live/live-harness.ts (1 test | 1 failed) 50878ms
   × common orchestration: repeated yield, derived inquiry, original Session continuation and real engineering result 50877ms

⎯⎯⎯⎯⎯⎯⎯ Failed Tests 1 ⎯⎯⎯⎯⎯⎯⎯

 FAIL  docs/refactor/reviews/evidence/orchestration-2026-09-28/live/live-harness.ts > common orchestration: repeated yield, derived inquiry, original Session continuation and real engineering result
AssertionError: expected 'waiting' to be 'completed' // Object.is equality

Expected: "completed"
Received: "waiting"

 ❯ docs/refactor/reviews/evidence/orchestration-2026-09-28/live/live-harness.ts:342:29
    340|       await new Promise(resolve => setTimeout(resolve, 1000));
    341|     }
    342|     expect(snapshot?.state).toBe('completed');
       |                             ^
    343|     expect(snapshot?.goalPhase).toBe('COMPLETED');
    344|     expect(new Set(snapshot?.aRunIds).size).toBeGreaterThanOrEqual(2);

⎯⎯⎯⎯⎯⎯⎯⎯⎯⎯⎯⎯⎯⎯⎯⎯⎯⎯⎯⎯⎯⎯⎯⎯[1/1]⎯


 Test Files  1 failed (1)
      Tests  1 failed (1)
   Start at  18:58:54
   Duration  52.23s (transform 879ms, setup 0ms, import 1.26s, tests 50.88s, environment 0ms)

