
 RUN  v4.1.10 /home/hyh001/projects/coding-platform/coding-platform/next

 ❯ tests/work-graph/material-readers.test.ts (11 tests | 3 failed) 65ms
   × rejects a descending UTF-8 keyset cursor before a third candidate page 5ms
   × memory: registration rejects an Agent revocation actor without its required RunRef 1ms
   × sqlite: registration rejects an Agent revocation actor without its required RunRef 2ms

⎯⎯⎯⎯⎯⎯⎯ Failed Tests 3 ⎯⎯⎯⎯⎯⎯⎯

 FAIL  tests/work-graph/material-readers.test.ts > rejects a descending UTF-8 keyset cursor before a third candidate page
AssertionError: expected { status: 'ready', grants: [] } to match object { status: 'unavailable' }
(1 matching property omitted from actual)

- Expected
+ Received

  {
-   "status": "unavailable",
+   "status": "ready",
  }

 ❯ tests/work-graph/material-readers.test.ts:198:6
    196|   const { index } = createMaterialRecordReaders(fake);
    197|   expect(await index.materialAccessCandidates({ reader: runRef('reader…
    198|     .toMatchObject({ status: 'unavailable' });
       |      ^
    199|   expect(lookups).toBe(2);
    200| });

⎯⎯⎯⎯⎯⎯⎯⎯⎯⎯⎯⎯⎯⎯⎯⎯⎯⎯⎯⎯⎯⎯⎯⎯[1/3]⎯

 FAIL  tests/work-graph/material-readers.test.ts > memory: registration rejects an Agent revocation actor without its required RunRef
 FAIL  tests/work-graph/material-readers.test.ts > sqlite: registration rejects an Agent revocation actor without its required RunRef
AssertionError: expected { status: 'committed', …(5) } to match object { status: 'rejected', code: 'invalid' }
(5 matching properties omitted from actual)

- Expected
+ Received

  {
-   "code": "invalid",
-   "status": "rejected",
+   "status": "committed",
  }

 ❯ tests/work-graph/material-readers.test.ts:217:51
    215|     } });
    216|     const malformed: PreparedCommit = { ...update, records: [{ ...upda…
    217|     expect(await store.records.commit(malformed)).toMatchObject({ stat…
       |                                                   ^
    218|     expect(await createMaterialRecordReaders(store.records).authority.…
    219|       .toMatchObject({ status: 'found', snapshot: active });

⎯⎯⎯⎯⎯⎯⎯⎯⎯⎯⎯⎯⎯⎯⎯⎯⎯⎯⎯⎯⎯⎯⎯⎯[2/3]⎯


 Test Files  1 failed (1)
      Tests  3 failed | 8 passed (11)
   Start at  12:55:45
   Duration  267ms (transform 95ms, setup 0ms, import 118ms, tests 65ms, environment 0ms)

