
[1m[30m[46m RUN [49m[39m[22m [36mv4.1.10 [39m[90m/mnt/d/1.project/Software/agent_platform[39m

 [32m✓[39m tests/coordination/model-request-evidence-bypass.test.ts [2m([22m[2m7 tests[22m[2m)[22m[33m 16482[2mms[22m[39m
   [33m[2m✓[22m[39m each actual provider request has already consumed its own exact permit (clock=2026-09-05T12:00:00.000Z) [33m 2312[2mms[22m[39m
   [33m[2m✓[22m[39m each actual provider request has already consumed its own exact permit (clock=2030-01-01T00:00:00.000Z) [33m 2594[2mms[22m[39m
   [33m[2m✓[22m[39m refuses refuse before any provider side effect and records a known failure [33m 2257[2mms[22m[39m
   [33m[2m✓[22m[39m refuses tamper_context before any provider side effect and records a known failure [33m 2147[2mms[22m[39m
   [33m[2m✓[22m[39m refuses tamper_request before any provider side effect and records a known failure [33m 2253[2mms[22m[39m
   [33m[2m✓[22m[39m canonical cancellation between requests prevents the second provider request [33m 2534[2mms[22m[39m
   [33m[2m✓[22m[39m direct ledger writes cannot forge a second consumed permit or a mismatched input digest [33m 2383[2mms[22m[39m
 [32m✓[39m tests/coordination/delivery-into-input.test.ts [2m([22m[2m6 tests[22m[2m)[22m[33m 18027[2mms[22m[39m
     [33m[2m✓[22m[39m Delivery 正文、精确版本与选入理由都进入捕获的 ModelRequest 与 manifest.selected [33m 3588[2mms[22m[39m
     [33m[2m✓[22m[39m 调用证据（D06）：model_request_evidence 落账，requestDigest = 捕获请求重算的 sha256，contextInputDigest = manifest.inputDigest，同一许可的第二次尝试被拒 [33m 3239[2mms[22m[39m
     [33m[2m✓[22m[39m 撤权之后：该 Delivery 不允许进入新的输入（材料组装在模型调用之前失败） [33m 2608[2mms[22m[39m
     [33m[2m✓[22m[39m 来源在本次运行期间被更新：basis 不一致 → 精确授权失效 → 拒绝进入新输入 [33m 2951[2mms[22m[39m
   [33m[2m✓[22m[39m grant revocation racing the attempted commit prevents the actual provider even after authorization [33m 3404[2mms[22m[39m
   [33m[2m✓[22m[39m source permission revoked after the first real request prevents a second request in the same Run [33m 2236[2mms[22m[39m
 [32m✓[39m tests/coordination/route-drive.test.ts [2m([22m[2m19 tests[22m[2m)[22m[33m 38248[2mms[22m[39m
     [33m[2m✓[22m[39m SQLite close + reopen 后仍能领取既有 wait_admission intent 并完成唯一后继 [33m 1279[2mms[22m[39m
   [33m[2m✓[22m[39m independent process exit before_page recovers fixed subscription pages exactly once [33m 10880[2mms[22m[39m
   [33m[2m✓[22m[39m independent process exit after_page recovers fixed subscription pages exactly once [33m 12323[2mms[22m[39m
   [33m[2m✓[22m[39m independent consumers preserve the new generation result when the old process settles late [33m 13553[2mms[22m[39m
 [32m✓[39m tests/coordination/coordination-capability.test.ts [2m([22m[2m7 tests[22m[2m)[22m[33m 11762[2mms[22m[39m
     [33m[2m✓[22m[39m 未授予的 Run：判定给出可读原因、不提供协调工具、调用被拒且平台状态零改动 [33m 1784[2mms[22m[39m
     [33m[2m✓[22m[39m 授予的 Run：能力依据来自账本事实、工具可用、调用被受理，并随运行记录持久化 [33m 1634[2mms[22m[39m
     [33m[2m✓[22m[39m 同一个 Run 在两个 Work 上都满足授予条件时：拒绝授予（可读原因），不替它挑一个身份 [33m 948[2mms[22m[39m
     [33m[2m✓[22m[39m 不存在第二条拿到协调工具的路径：唯一注入点是运行入口，且它只在 granted 时发生 [33m 2373[2mms[22m[39m
     [33m[2m✓[22m[39m 换手之后：旧 Run 不再被授予，新参与段的 Run 被授予（显式规则可直接核对） [33m 3030[2mms[22m[39m
     [33m[2m✓[22m[39m 每个写操作在动 Vault/Control 之前校验能力：授予失效后拒绝，且零平台状态变更 [33m 1697[2mms[22m[39m
 [32m✓[39m tests/coordination/host-tool-chain.test.ts [2m([22m[2m2 tests[22m[2m)[22m[33m 6938[2mms[22m[39m
     [33m[2m✓[22m[39m 模型经真实工具与重启形成精确输入；admission Work 类型=task [33m 3139[2mms[22m[39m
     [33m[2m✓[22m[39m 模型经真实工具与重启形成精确输入；admission Work 类型=coordination [33m 3798[2mms[22m[39m
 [32m✓[39m tests/coordination/runtime-concurrency.test.ts [2m([22m[2m2 tests[22m[2m)[22m[33m 4028[2mms[22m[39m
   [33m[2m✓[22m[39m ordinary drive overlaps two actual read-only Runtime/provider calls [33m 2333[2mms[22m[39m
   [33m[2m✓[22m[39m overlapping writers share the existing exclusive lease and only one reaches the provider [33m 1694[2mms[22m[39m
 [32m✓[39m tests/coordination/material-isolation.test.ts [2m([22m[2m1 test[22m[2m)[22m[33m 1824[2mms[22m[39m
   [33m[2m✓[22m[39m three real Works share one formally routed body: two authorized readers, third denied even after identical-body put and SQLite reopen [33m 1824[2mms[22m[39m
 [32m✓[39m tests/coordination/control.sqlite.test.ts [2m([22m[2m4 tests[22m[2m)[22m[33m 1647[2mms[22m[39m
 [32m✓[39m tests/coordination/route-continuity.test.ts [2m([22m[2m14 tests[22m[2m)[22m[32m 229[2mms[22m[39m
 [32m✓[39m tests/coordination/participation-uniqueness.test.ts [2m([22m[2m1 test[22m[2m)[22m[32m 231[2mms[22m[39m
 [32m✓[39m tests/coordination/handoff-successor.test.ts [2m([22m[2m7 tests[22m[2m)[22m[32m 176[2mms[22m[39m
 [32m✓[39m tests/coordination/control.test.ts [2m([22m[2m28 tests[22m[2m)[22m[32m 50[2mms[22m[39m
 [32m✓[39m tests/coordination/process-recovery.test.ts [2m([22m[2m13 tests[22m[2m)[22m[33m 436601[2mms[22m[39m
   [33m[2m✓[22m[39m two independent processes race the same durable outbox; only one enters the actual provider [33m 25974[2mms[22m[39m
   [33m[2m✓[22m[39m process exit at before_start reopens SQLite and never repeats an ambiguous external action [33m 30671[2mms[22m[39m
   [33m[2m✓[22m[39m process exit at after_bind reopens SQLite and never repeats an ambiguous external action [33m 29754[2mms[22m[39m
   [33m[2m✓[22m[39m process exit at after_authorize reopens SQLite and never repeats an ambiguous external action [33m 31457[2mms[22m[39m
   [33m[2m✓[22m[39m process exit at after_attempt reopens SQLite and never repeats an ambiguous external action [33m 26196[2mms[22m[39m
   [33m[2m✓[22m[39m process exit at provider_effect reopens SQLite and never repeats an ambiguous external action [33m 33349[2mms[22m[39m
   [33m[2m✓[22m[39m process exit at after_terminal reopens SQLite and never repeats an ambiguous external action [33m 31243[2mms[22m[39m
   [33m[2m✓[22m[39m a committed claim with no wake survives process restart and executes exactly once [33m 17060[2mms[22m[39m
   [33m[2m✓[22m[39m an unconsumed execution generation is fenced before retry; an old process arriving late cannot enter Runtime [33m 49981[2mms[22m[39m
   [33m[2m✓[22m[39m a process exit after start authorization but before begin produces a durable no-effect retry [33m 52218[2mms[22m[39m
   [33m[2m✓[22m[39m cancel intent persisted before a caller crash is applied after restart without any Runtime execution [33m 15823[2mms[22m[39m
   [33m[2m✓[22m[39m late durable Runtime terminal receipt reconciles an unknown Run (cancel=false) without replay [33m 48603[2mms[22m[39m
   [33m[2m✓[22m[39m late durable Runtime terminal receipt reconciles an unknown Run (cancel=true) without replay [33m 44269[2mms[22m[39m

[2m Test Files [22m [1m[32m13 passed[39m[22m[90m (13)[39m
[2m      Tests [22m [1m[32m111 passed[39m[22m[90m (111)[39m
[2m   Start at [22m 16:16:40
[2m   Duration [22m 456.68s[2m (transform 55.25s, setup 0ms, import 87.40s, tests 536.24s, environment 1ms)[22m

EXIT_CODE=0
