
 RUN  v4.1.10 /mnt/d/1.project/Software/agent_platform

 ✓ tests/contracts/cursor.test.ts (3 tests) 3ms
 ✓ tests/control/runtime-dispatch.test.ts (7 tests) 7ms
 ✓ tests/contracts/fingerprint.test.ts (9 tests) 5ms
 ✓ tests/contracts/state-ledger.double.test.ts (1 test) 3ms
 ✓ tests/contracts/fixtures.test.ts (7 tests) 6ms
 ✓ tests/contracts/validation.test.ts (9 tests) 6ms
 ✓ tests/contracts/goal-phase.test.ts (25 tests) 10ms
 ✓ tests/contracts/material-access.test.ts (9 tests) 7ms
 ✓ tests/contracts/module-ownership.test.ts (9 tests) 7624ms
     ✓ gives every owned file a path under the directory its Module name implies  355ms
     ✓ puts every file inside a Module directory under that same Module  304ms
     ✓ leaves no product source file unmapped  319ms
     ✓ keeps the workspace path-boundary policy in exactly one WorkspaceReader file  6530ms
 ✓ tests/control/dispatch-drive.test.ts (7 tests) 35ms
 ✓ tests/coordination/participation-uniqueness.test.ts (1 test) 467ms
     ✓ 两条独立 SQLite 连接：第二段 active 参与被账本拒绝（零写入），旧段结束后换手成立  466ms
 ✓ tests/coordination/control.test.ts (28 tests) 75ms
 ✓ tests/coordination/route-continuity.test.ts (8 tests) 188ms
 ✓ tests/coordination/handoff-successor.test.ts (6 tests) 245ms
 ✓ tests/coordination/control.sqlite.test.ts (4 tests) 1575ms
 ✓ tests/coordination/route-drive.test.ts (15 tests) 2036ms
     ✓ SQLite close + reopen 后仍能领取既有 wait_admission intent 并完成唯一后继  1758ms
 ✓ tests/coordination/host-tool-chain.test.ts (1 test) 4770ms
     ✓ 模型经真实工具发起请求与报告；重启后唯一后继被受理、准备并带着精确报告版本跑起来  4769ms
 ✓ tests/coordination/model-request-evidence-bypass.test.ts (4 tests) 9204ms
   ✓ T-A1 许可签发晚于 Run 结束 ⇒ 证据被 after_terminal 拒绝：Run 仍 completed，旁路失败可见  1523ms
   ✓ T-A5 许可签发早于 Run 结束 ⇒ 证据允许在 Run 结束后落账（after_terminal 例外的正分支）  2383ms
   ✓ T-A6 账本层独立拒绝第二次尝试：绕过 Control 提交 permit@3 ⇒ invalid_commit 且快照仍 @2  2829ms
   ✓ T-A7（**已记录的验证上限**，不是被忽略的缺陷）：篡改 contextInputDigest 的证据事实会被接受  2467ms
 ✓ tests/coordination/delivery-into-input.test.ts (4 tests) 12574ms
     ✓ Delivery 正文、精确版本与选入理由都进入捕获的 ModelRequest 与 manifest.selected  4034ms
     ✓ 调用证据（D06）：model_request_evidence 落账，requestDigest = 捕获请求重算的 sha256，contextInputDigest = manifest.inputDigest，同一许可的第二次尝试被拒  3594ms
     ✓ 撤权之后：该 Delivery 不允许进入新的输入（材料组装在模型调用之前失败）  2149ms
     ✓ 来源在本次运行期间被更新：basis 不一致 → 精确授权失效 → 拒绝进入新输入  2797ms
 ✓ tests/coordination/coordination-capability.test.ts (7 tests) 15158ms
     ✓ 未授予的 Run：判定给出可读原因、不提供协调工具、调用被拒且平台状态零改动  2893ms
     ✓ 授予的 Run：能力依据来自账本事实、工具可用、调用被受理，并随运行记录持久化  2903ms
     ✓ 同一个 Run 在两个 Work 上都满足授予条件时：拒绝授予（可读原因），不替它挑一个身份  1942ms
     ✓ 不存在第二条拿到协调工具的路径：唯一注入点是运行入口，且它只在 granted 时发生  2748ms
     ✓ 换手之后：旧 Run 不再被授予，新参与段的 Run 被授予（显式规则可直接核对）  3209ms
     ✓ 每个写操作在动 Vault/Control 之前校验能力：授予失效后拒绝，且零平台状态变更  1175ms
 ✓ tests/app/independent-review.test.ts (7 tests) 72583ms
   ✓ runs a real independent read-only Reviewer, admits its cited report, preserves the original lease, and never copies Task evidence to the Goal gate  11237ms
   ✓ preserves a valid Reviewer FAIL as blocking evidence without restarting the original Task  11936ms
   ✓ preserves a valid Reviewer INCONCLUSIVE as blocking evidence without restarting the original Task  14883ms
   ✓ never dispatches when an applicable tool failed, and permanently rejects a report that omits required coverage  15874ms
   ✓ source changed after actual material reads cannot produce newly accepted Reviewer evidence  6405ms
   ✓ clearing the saved model configuration during review cannot silently switch the profile or admit its answer  6392ms
   ✓ a real human revocation after Reviewer material reads prevents admission and remains revoked after restart  5855ms

 Test Files  21 passed (21)
      Tests  171 passed (171)
   Start at  13:57:48
   Duration  102.82s (transform 261.93s, setup 0ms, import 301.51s, tests 126.58s, environment 2ms)

targeted rc=0
