
[1m[30m[46m RUN [49m[39m[22m [36mv4.1.10 [39m[90m/mnt/d/1.project/Software/agent_platform[39m

 [31m❯[39m tests/coordination/route-drive.test.ts [2m([22m[2m21 tests[22m[2m | [22m[31m2 failed[39m[2m | [22m[33m19 skipped[39m[2m)[22m[32m 38[2mms[22m[39m
[31m     [31m×[31m any preserves actual conditions, waits for the predecessor, and retains late reports[39m[32m 29[2mms[22m[39m
[31m     [31m×[31m all preserves actual conditions, waits for the predecessor, and retains late reports[39m[32m 6[2mms[22m[39m
     [2m[90m↓[39m[22m 把正文投给订阅的 owner Work，并严格推进订阅 checkpoint
     [2m[90m↓[39m[22m rejects a canonical page with forged target without partial writes
     [2m[90m↓[39m[22m rejects a canonical page with forged body without partial writes
     [2m[90m↓[39m[22m rejects a canonical page with forged hasMore without partial writes
     [2m[90m↓[39m[22m communication-route-page 专用校验拒绝：越权目标 / 页内重复投递 / 事件位置回退（既有反例保留）
     [2m[90m↓[39m[22m communication-route-page 两个 intent 角色分别核对：续页的版本 / 确定性 id / 来源位置 / 分页边界 / 范围固定
     [2m[90m↓[39m[22m startCursor=null 在 SubscriptionCreated 同事务固定起点，且不补投订阅之前的事件
     [2m[90m↓[39m[22m 3 个订阅命中同一事件位置 → 必须翻 3 页：全部拿到 Delivery、页顺序确定、每页一次 CAS、重复 drive 不重复投递
     [2m[90m↓[39m[22m 两个消费者竞争同一 intent：一个 claimed，另一个 owned_elsewhere；过期 generation 不能 settle
     [2m[90m↓[39m[22m sideEffectStarted 且租约过期的 intent 不被重领（requires_reconcile），只作为可见 backlog 报告
     [2m[90m↓[39m[22m wait 先注册、事件后到：页满足条件 → 前驱 active 不重叠启动 → 前驱结束后恰好一次后继
     [2m[90m↓[39m[22m 事件先发生、wait 后注册：条件事实已在账本里，仍然只产生一次后继
     [2m[90m↓[39m[22m 同一 intent 连续硬失败到上界：收敛为可见 quarantine，而不是无限重试
     [2m[90m↓[39m[22m deadline 到点：收敛为 timed_out，而不是接续
     [2m[90m↓[39m[22m SQLite close + reopen 后仍能领取既有 wait_admission intent 并完成唯一后继
     [2m[90m↓[39m[22m 同一个 intent 重复 drive 不会重复推进（页只提交一次）
   [2m[90m↓[39m[22m independent process exit before_page recovers fixed subscription pages exactly once
   [2m[90m↓[39m[22m independent process exit after_page recovers fixed subscription pages exactly once
   [2m[90m↓[39m[22m independent consumers preserve the new generation result when the old process settles late

[31m⎯⎯⎯⎯⎯⎯⎯[39m[1m[41m Failed Tests 2 [49m[22m[31m⎯⎯⎯⎯⎯⎯⎯[39m

[41m[1m FAIL [22m[49m tests/coordination/route-drive.test.ts[2m > [22mM06 optional report selection[2m > [22many preserves actual conditions, waits for the predecessor, and retains late reports
[41m[1m FAIL [22m[49m tests/coordination/route-drive.test.ts[2m > [22mM06 optional report selection[2m > [22mall preserves actual conditions, waits for the predecessor, and retains late reports
[31m[1mError[22m: body storage failed[39m
[36m [2m❯[22m tests/coordination/route-drive.test.ts:[2m250:45[22m[39m
    [90m248|[39m     [35mfor[39m ([35mconst[39m ref [35mof[39m refs) {
    [90m249|[39m       const stored = await s.h.vault.put({ contentType: 'text/plain', …
    [90m250|[39m       if (stored.status !== 'stored') throw Error('body storage failed…
    [90m   |[39m                                             [31m^[39m
    [90m251|[39m       const result = await s.h.control.sendDirectedRequest({ commandId…
    [90m252|[39m         aggregateId: ref.requestId, expectedRevision: 0, correlationId…

[31m[2m⎯⎯⎯⎯⎯⎯⎯⎯⎯⎯⎯⎯⎯⎯⎯⎯⎯⎯⎯⎯⎯⎯⎯⎯[1/2]⎯[22m[39m


[2m Test Files [22m [1m[31m1 failed[39m[22m[90m (1)[39m
[2m      Tests [22m [1m[31m2 failed[39m[22m[2m | [22m[33m19 skipped[39m[90m (21)[39m
[2m   Start at [22m 16:33:03
[2m   Duration [22m 10.94s[2m (transform 8.31s, setup 0ms, import 8.75s, tests 38ms, environment 0ms)[22m

