
[1m[30m[46m RUN [49m[39m[22m [36mv4.1.10 [39m[90m/mnt/d/1.project/Software/agent_platform[39m

 [31m❯[39m tests/coordination/route-continuity.test.ts [2m([22m[2m15 tests[22m[2m | [22m[31m1 failed[39m[2m | [22m[33m14 skipped[39m[2m)[22m[33m 375[2mms[22m[39m
     [2m[90m↓[39m[22m DirectedRequestSent 的提交回执同时含源事件与同位置的 CommunicationIntentRecorded，且 sourceCursor 逐字节等于源事件游标
     [2m[90m↓[39m[22m 整轮候选集合而不是本页切片：3 个订阅 + 页大小 1 → 首轮就把 3 个都固定进范围，翻满 3 页并全部投递
     [2m[90m↓[39m[22m 本页引入本轮范围外的订阅 → Control 整页拒绝（零写入）
     [2m[90m↓[39m[22m 同一 topic 上更靠后的事件位置，在前一条未收敛的 route intent 完成前不被推进
     [2m[90m↓[39m[22m 已证实无副作用的失败进入 retry_scheduled（availableAt = settledAt + 退避）；已开始的副作用一律拒绝退避
     [2m[90m↓[39m[22m 租约到期不构成重跑依据：sideEffectStarted 的 intent 经正式对账进入可见 quarantine
     [2m[90m↓[39m[22m 未产生副作用：取消等待后 intent **先**落成 cancel_requested，drive 之后收敛为 cancelled
     [2m[90m↓[39m[22m 副作用已经开始：同一个取消请求只能收敛为 outcome_unknown，绝不声称 cancelled
   [2m[90m↓[39m[22m a burst of source events during pagination creates every round and delivers each subscription once in order
   [2m[90m↓[39m[22m one historical subscription preserves multiple topics and hands over to live sources at its fixed creation horizon
[31m   [31m×[31m Host historical start advances a 512-event page and continues to its fixed horizon without silently truncating[39m[33m 374[2mms[22m[39m
   [2m[90m↓[39m[22m a subscription committed while a source is awaiting commit joins that source atomically
   [2m[90m↓[39m[22m cancelling the final subscription during a fixed three-page round advances the page without delivering to it
   [2m[90m↓[39m[22m restart-style recovery finishes derived cancellation after the Wait commit succeeded and the caller disappeared
   [2m[90m↓[39m[22m a one-intent budget rotates historical subscriptions by durable progress even when wall time is fixed

[31m⎯⎯⎯⎯⎯⎯⎯[39m[1m[41m Failed Tests 1 [49m[22m[31m⎯⎯⎯⎯⎯⎯⎯[39m

[41m[1m FAIL [22m[49m tests/coordination/route-continuity.test.ts[2m > [22mHost historical start advances a 512-event page and continues to its fixed horizon without silently truncating
[31m[1mAssertionError[22m: expected 379 to be greater than 512[39m
[36m [2m❯[22m tests/coordination/route-continuity.test.ts:[2m733:61[22m[39m
    [90m731|[39m   const catchup = (loaded.snapshot as SubscriptionSnapshot).subscripti…
    [90m732|[39m   [35mconst[39m sequence [33m=[39m (cursor[33m:[39m string) [33m=>[39m [33mNumber[39m(cursor[33m.[39m[34mslice[39m([34m1[39m))[33m;[39m
    [90m733|[39m   expect(sequence(catchup.horizonCursor) - sequence(start)).toBeGreate…
    [90m   |[39m                                                             [31m^[39m
    [90m734|[39m   [35mawait[39m h[33m.[39m[34mdrive[39m({ reason[33m:[39m [32m'first-512-page'[39m[33m,[39m maxIntents[33m:[39m [34m1[39m })[33m;[39m
    [90m735|[39m   [35mconst[39m first [33m=[39m [35mawait[39m h[33m.[39mledger[33m.[39m[34mload[39m(catchup[33m.[39mintentRef)[33m;[39m

[31m[2m⎯⎯⎯⎯⎯⎯⎯⎯⎯⎯⎯⎯⎯⎯⎯⎯⎯⎯⎯⎯⎯⎯⎯⎯[1/1]⎯[22m[39m


[2m Test Files [22m [1m[31m1 failed[39m[22m[90m (1)[39m
[2m      Tests [22m [1m[31m1 failed[39m[22m[2m | [22m[33m14 skipped[39m[90m (15)[39m
[2m   Start at [22m 17:35:26
[2m   Duration [22m 10.37s[2m (transform 7.97s, setup 0ms, import 8.30s, tests 375ms, environment 0ms)[22m

