
[1m[30m[46m RUN [49m[39m[22m [36mv4.1.10 [39m[90m/mnt/d/1.project/Software/agent_platform[39m

 [32m✓[39m tests/coordination/report-observation.test.ts [2m([22m[2m3 tests[22m[2m)[22m[32m 5[2mms[22m[39m
 [32m✓[39m tests/coordination/communication-view.test.ts [2m([22m[2m9 tests[22m[2m)[22m[32m 6[2mms[22m[39m
 [32m✓[39m tests/coordination/host-tool-chain.test.ts [2m([22m[2m3 tests[22m[2m)[22m[33m 8962[2mms[22m[39m
     [33m[2m✓[22m[39m 模型经真实工具与重启形成精确输入；admission Work 类型='task'/'all' [33m 2749[2mms[22m[39m
     [33m[2m✓[22m[39m 模型经真实工具与重启形成精确输入；admission Work 类型='coordination'/'all' [33m 2799[2mms[22m[39m
     [33m[2m✓[22m[39m 模型经真实工具与重启形成精确输入；admission Work 类型='coordination'/'any' [33m 3413[2mms[22m[39m
 [32m✓[39m tests/coordination/route-drive.test.ts [2m([22m[2m27 tests[22m[2m)[22m[33m 39600[2mms[22m[39m
     [33m[2m✓[22m[39m 'sqlite'/'any' missing-first=false revoke-before=false preserves actual conditions and retains late reports [33m 1403[2mms[22m[39m
     [33m[2m✓[22m[39m 'sqlite'/'all' missing-first=false revoke-before=false preserves actual conditions and retains late reports [33m 1230[2mms[22m[39m
     [33m[2m✓[22m[39m 'sqlite'/'any' missing-first=true revoke-before=false preserves actual conditions and retains late reports [33m 1475[2mms[22m[39m
     [33m[2m✓[22m[39m 'sqlite'/'any' missing-first=false revoke-before=true preserves actual conditions and retains late reports [33m 1515[2mms[22m[39m
     [33m[2m✓[22m[39m SQLite close + reopen 后仍能领取既有 wait_admission intent 并完成唯一后继 [33m 1234[2mms[22m[39m
   [33m[2m✓[22m[39m independent process exit before_page recovers fixed subscription pages exactly once [33m 9958[2mms[22m[39m
   [33m[2m✓[22m[39m independent process exit after_page recovers fixed subscription pages exactly once [33m 9924[2mms[22m[39m
   [33m[2m✓[22m[39m independent consumers preserve the new generation result when the old process settles late [33m 12573[2mms[22m[39m

[2m Test Files [22m [1m[32m4 passed[39m[22m[90m (4)[39m
[2m      Tests [22m [1m[32m42 passed[39m[22m[90m (42)[39m
[2m   Start at [22m 17:16:29
[2m   Duration [22m 49.37s[2m (transform 22.75s, setup 0ms, import 29.45s, tests 48.57s, environment 0ms)[22m

