Already up to date
Done in 219ms using pnpm v11.22.0
$ npm run kernel:build && tsc -p tsconfig.app.json && node scripts/copy-ui.mjs && pnpm run ui:build
npm warn Unknown env config "devdir". This will stop working in the next major version of npm. See `npm help npmrc` for supported config options.
npm warn Unknown env config "store-dir". This will stop working in the next major version of npm. See `npm help npmrc` for supported config options.

> agent-platform@0.1.0 kernel:build
> npm --prefix vendor/coding-agent run build

npm warn Unknown env config "devdir". This will stop working in the next major version of npm. See `npm help npmrc` for supported config options.
npm warn Unknown env config "store-dir". This will stop working in the next major version of npm. See `npm help npmrc` for supported config options.

> coding-agent-learning@0.0.0 build
> tsc -p tsconfig.build.json

$ pnpm --dir src/ui run build
$ vite build
vite v8.2.2 building client environment for production...
transforming...
✓ 1063 modules transformed.
rendering chunks...
computing gzip size...
../../dist/app/public/workbench/index.html                        0.48 kB │ gzip:   0.31 kB
../../dist/app/public/workbench/assets/terminal-B1njb2Cr.css      3.96 kB │ gzip:   1.02 kB
../../dist/app/public/workbench/assets/task-graph-DLioOiRN.css   15.41 kB │ gzip:   2.56 kB
../../dist/app/public/workbench/assets/index-BDq-QD5v.css       240.07 kB │ gzip:  35.63 kB
../../dist/app/public/workbench/assets/task-graph-phSjOSEK.js   179.79 kB │ gzip:  58.34 kB
../../dist/app/public/workbench/assets/terminal-Uq-rxlNd.js     337.12 kB │ gzip:  85.51 kB
../../dist/app/public/workbench/assets/index-CGsZIXwN.js        752.23 kB │ gzip: 227.25 kB

✓ built in 208ms
