
 RUN  v4.1.10 /home/hyh001/projects/coding-platform/coding-platform

 ❯ tests/integration/coding-collaboration-scenario.test.ts (1 test | 1 failed) 5ms
   × one isolated todo Goal combines parallel investigation, memory and accept across new processes 4ms
 ❯ tests/integration/coding-goal-scenario.test.ts (2 tests | 1 failed | 1 skipped) 4ms
   × same isolated real todo module: Coding → independent Task checks/review → independent GoalGate → restart 3ms

⎯⎯⎯⎯⎯⎯⎯ Failed Tests 2 ⎯⎯⎯⎯⎯⎯⎯

 FAIL  tests/integration/coding-collaboration-scenario.test.ts > one isolated todo Goal combines parallel investigation, memory and accept across new processes
Error: ENOENT: no such file or directory, open '/mnt/d/1.project/Software/to_do_list_show/src/utils/grouping.mjs'
 ❯ tests/integration/coding-collaboration-scenario.test.ts:20:21
     18|   const candidate = await resolveUserFlowWorkdir(), paths = ['src/util…
     19|   const digest = (data: Buffer) => createHash('sha256').update(data).d…
     20|   const originals = await Promise.all(paths.map(p => readFile(join(can…
       |                     ^
     21|   for (const p of paths) { await mkdir(join(root, p, '..'), { recursiv…
     22|   await writeFile(join(root, paths[0]!), originals[0]!.toString().repl…

⎯⎯⎯⎯⎯⎯⎯⎯⎯⎯⎯⎯⎯⎯⎯⎯⎯⎯⎯⎯⎯⎯⎯⎯[1/2]⎯

 FAIL  tests/integration/coding-goal-scenario.test.ts > same isolated real todo module: Coding → independent Task checks/review → independent GoalGate → restart
Error: ENOENT: no such file or directory, open '/mnt/d/1.project/Software/to_do_list_show/src/utils/grouping.mjs'
 ❯ scenario tests/integration/coding-goal-scenario.test.ts:53:20
     51|   const candidate = await resolveUserFlowWorkdir();
     52|   const relative = ['src/utils/grouping.mjs', 'shared/date.mjs'];
     53|   const original = await Promise.all(relative.map(path => readFile(joi…
       |                    ^
     54|   const hashes = original.map(bytes => createHash('sha256').update(byt…
     55|   const settings = real ? await createModelSettings(join(directory, 'd…

⎯⎯⎯⎯⎯⎯⎯⎯⎯⎯⎯⎯⎯⎯⎯⎯⎯⎯⎯⎯⎯⎯⎯⎯[2/2]⎯


 Test Files  2 failed (2)
      Tests  2 failed | 1 skipped (3)
   Start at  23:17:32
   Duration  2.22s (transform 1.55s, setup 0ms, import 2.06s, tests 8ms, environment 0ms)

