
 RUN  v4.1.10 /home/hyh001/projects/coding-platform/coding-platform

 ❯ tests/data/R3a-goal-input-isolation.test.ts (1 test | 1 failed) 9ms
   × owns accepted fields or rejects an extra non-JSON property before an async caller mutation can redirect Goal creation 9ms

⎯⎯⎯⎯⎯⎯⎯ Failed Tests 1 ⎯⎯⎯⎯⎯⎯⎯

 FAIL  tests/data/R3a-goal-input-isolation.test.ts > owns accepted fields or rejects an extra non-JSON property before an async caller mutation can redirect Goal creation
AssertionError: an in-flight call must never switch to the mutated Goal ref: expected [ …(3) ] to not include '{"aggregateType":"Goal","goalId":"goa…'
 ❯ tests/data/R3a-goal-input-isolation.test.ts:70:101
     68|     const result = await pending;
     69|
     70|     expect.soft(readSets.flat(), 'an in-flight call must never switch …
       |                                                                                                     ^
     71|     const stored = await backend.records.readMany([originalKey, redire…
     72|     expect(stored.status).toBe('ready');

⎯⎯⎯⎯⎯⎯⎯⎯⎯⎯⎯⎯⎯⎯⎯⎯⎯⎯⎯⎯⎯⎯⎯⎯[1/3]⎯

 FAIL  tests/data/R3a-goal-input-isolation.test.ts > owns accepted fields or rejects an extra non-JSON property before an async caller mutation can redirect Goal creation
AssertionError: the caller mutation must not create another Goal: expected [ Array(1) ] to include '{"aggregateType":"Goal","goalId":"goa…'
 ❯ tests/data/R3a-goal-input-isolation.test.ts:74:91
     72|     expect(stored.status).toBe('ready');
     73|     if (stored.status !== 'ready') throw new Error('Goal verification …
     74|     expect.soft(stored.value.missing, 'the caller mutation must not cr…
       |                                                                                           ^
     75|
     76|     if (result.status === 'rejected') {

⎯⎯⎯⎯⎯⎯⎯⎯⎯⎯⎯⎯⎯⎯⎯⎯⎯⎯⎯⎯⎯⎯⎯⎯[2/3]⎯

 FAIL  tests/data/R3a-goal-input-isolation.test.ts > owns accepted fields or rejects an extra non-JSON property before an async caller mutation can redirect Goal creation
AssertionError: expected { ref: { …(3) }, …(5) } to match object { ref: { …(3) }, …(1) }
(7 matching properties omitted from actual)

- Expected
+ Received

  {
    "objective": "original objective",
    "ref": {
      "aggregateType": "Goal",
-     "goalId": "goal-at-call",
+     "goalId": "goal-mutated-after-call",
      "projectId": "proj-alpha",
    },
  }

 ❯ tests/data/R3a-goal-input-isolation.test.ts:83:31
     81|       expect(backend.legacyAccess.state).toEqual(before);
     82|     } else {
     83|       expect(result.snapshot).toMatchObject({ ref: ref(original.aggreg…
       |                               ^
     84|       expect(stored.value.records.map(record => record.refKey)).toEqua…
     85|       expect(backend.legacyAccess.state.eventLog).toHaveLength(before.…

⎯⎯⎯⎯⎯⎯⎯⎯⎯⎯⎯⎯⎯⎯⎯⎯⎯⎯⎯⎯⎯⎯⎯⎯[3/3]⎯


 Test Files  1 failed (1)
      Tests  1 failed (1)
   Start at  23:29:55
   Duration  405ms (transform 261ms, setup 0ms, import 315ms, tests 9ms, environment 0ms)

JSON report written to /tmp/r3a-r4a-independent-review/r3a-input-isolation.json
