
 RUN  v4.1.10 /home/hyh001/projects/coding-platform/coding-platform

 ✓ tests/control/workspace-lease-regression.test.ts (20 tests) 6356ms
     ✓ configured support rejects a write lease with capability_unsupported and appends no events  715ms
     ✓ configured support rejects a write lease with capability_readonly and appends no events  612ms
     ✓ configured support rejects a write lease with scope_exceeds_capability and appends no events  506ms
     ✓ retries the same write command with the original committed receipt  637ms
     ✓ replays a concurrent duplicate even when its capability response arrives after the first commit  509ms
     ✓ does not accept a changed command or another identity as a replay  508ms
     ✓ replays a released lease without disturbing a newer active lease  524ms
     ✓ concurrent overlapping read and write requests cannot both acquire a lease (read first: true)  520ms
     ✓ concurrent overlapping read and write requests cannot both acquire a lease (read first: false)  624ms
   ✓ SQLite replay survives close and reopen with the same receipt and no appended events  628ms
   ✓ separate SQLite connections cannot grant overlapping read and write leases  519ms
 ✓ tests/control/live-frontier-regression.test.ts (8 tests) 2751ms
     ✓ source FAIL with independent frontier=false  674ms
     ✓ source FAIL with independent frontier=true  556ms
     ✓ replacement uses formally satisfied predecessor after restart; plan stays immutable  856ms
     ✓ replacement cannot reset its own formally failed task or erase FAIL history  608ms
stdout | tests/control/dispatch-same-local-identity.test.ts > memory: same local attempt across goals; context rejection=false
{"storage":"memory","rejectContext":false,"result":{"scanned":2,"started":2,"completed":2,"pendingRemaining":0,"failures":[]},"remaining":[]}

stdout | tests/control/dispatch-same-local-identity.test.ts > sqlite: same local attempt across goals; context rejection=false
{"storage":"sqlite","rejectContext":false,"result":{"scanned":2,"started":2,"completed":2,"pendingRemaining":0,"failures":[]},"remaining":[]}

stdout | tests/control/dispatch-same-local-identity.test.ts > memory: same local attempt across goals; context rejection=true
{"storage":"memory","rejectContext":true,"result":{"scanned":2,"started":0,"completed":0,"pendingRemaining":2,"failures":[{"effect":"none","intentId":"same-local-attempt","outboxRef":{"aggregateType":"DispatchOutboxEntry","projectId":"proj-alpha","goalId":"goal-p107-1","taskId":"task-p107-read-a","attemptId":"same-local-attempt"},"code":"context_rejected","message":"context rejected: acceptance injected unavailable material"},{"effect":"none","intentId":"same-local-attempt","outboxRef":{"aggregateType":"DispatchOutboxEntry","projectId":"proj-alpha","goalId":"zz-other-goal","taskId":"task-p107-read-a","attemptId":"same-local-attempt"},"code":"context_rejected","message":"context rejected: acceptance injected unavailable material"}],"backlog":{"pending":2,"due":0,"delayed":2,"quarantined":0,"oldestPendingAt":"2026-09-06T12:00:00.000Z","oldestPendingAgeMs":0,"nextAvailableAt":"2026-09-06T12:00:01.000Z","blocked":[{"intentId":"same-local-attempt","reason":"context rejected: acceptance injected unavailable material","availableAt":"2026-09-06T12:00:01.000Z","quarantined":false},{"intentId":"same-local-attempt","reason":"context rejected: acceptance injected unavailable material","availableAt":"2026-09-06T12:00:01.000Z","quarantined":false}]}},"remaining":[{"goalId":"goal-p107-1","schedule":{"attemptCount":1,"lastFailure":"context rejected: acceptance injected unavailable material","quarantined":false,"availableAt":"2026-09-06T12:00:01.000Z"}},{"goalId":"zz-other-goal","schedule":{"attemptCount":1,"lastFailure":"context rejected: acceptance injected unavailable material","quarantined":false,"availableAt":"2026-09-06T12:00:01.000Z"}}]}

stdout | tests/control/dispatch-same-local-identity.test.ts > sqlite: same local attempt across goals; context rejection=true
{"storage":"sqlite","rejectContext":true,"result":{"scanned":2,"started":0,"completed":0,"pendingRemaining":2,"failures":[{"effect":"none","intentId":"same-local-attempt","outboxRef":{"aggregateType":"DispatchOutboxEntry","projectId":"proj-alpha","goalId":"goal-p107-1","taskId":"task-p107-read-a","attemptId":"same-local-attempt"},"code":"context_rejected","message":"context rejected: acceptance injected unavailable material"},{"effect":"none","intentId":"same-local-attempt","outboxRef":{"aggregateType":"DispatchOutboxEntry","projectId":"proj-alpha","goalId":"zz-other-goal","taskId":"task-p107-read-a","attemptId":"same-local-attempt"},"code":"context_rejected","message":"context rejected: acceptance injected unavailable material"}],"backlog":{"pending":2,"due":0,"delayed":2,"quarantined":0,"oldestPendingAt":"2026-09-06T12:00:00.000Z","oldestPendingAgeMs":0,"nextAvailableAt":"2026-09-06T12:00:01.000Z","blocked":[{"intentId":"same-local-attempt","reason":"context rejected: acceptance injected unavailable material","availableAt":"2026-09-06T12:00:01.000Z","quarantined":false},{"intentId":"same-local-attempt","reason":"context rejected: acceptance injected unavailable material","availableAt":"2026-09-06T12:00:01.000Z","quarantined":false}]}},"remaining":[{"goalId":"goal-p107-1","schedule":{"attemptCount":1,"lastFailure":"context rejected: acceptance injected unavailable material","quarantined":false,"availableAt":"2026-09-06T12:00:01.000Z"}},{"goalId":"zz-other-goal","schedule":{"attemptCount":1,"lastFailure":"context rejected: acceptance injected unavailable material","quarantined":false,"availableAt":"2026-09-06T12:00:01.000Z"}}]}

 ✓ tests/control/dispatch-same-local-identity.test.ts (4 tests) 1278ms
   ✓ sqlite: same local attempt across goals; context rejection=false  646ms
   ✓ sqlite: same local attempt across goals; context rejection=true  602ms
 ✓ tests/control/scoped-dispatch.test.ts (2 tests) 757ms
   ✓ sqlite: scoped legacy drive selects before limiting and shares the ordinary consumer  732ms
 ✓ tests/control/reviewer-work-persistence.test.ts (1 test) 661ms
   ✓ reopens SQLite Work/output/Result/evidence and read projections with the same accepted command identity  661ms

 Test Files  5 passed (5)
      Tests  35 passed (35)
   Start at  23:10:47
   Duration  14.09s (transform 1.05s, setup 0ms, import 1.92s, tests 11.80s, environment 0ms)

JSON report written to /tmp/r3a-r4a-independent-review/timeout-rechecks.json
